BL51 BANKED LINKER/LOCATER V6.22.4.0                                                    03/26/2026  17:22:23  PAGE 1


BL51 BANKED LINKER/LOCATER V6.22.4.0, INVOKED BY:
D:\KEIL5\C51\BIN\BL51.EXE .\Objects\main.obj, .\Objects\Soft_I2C.obj, .\Objects\SSD1306.obj, .\Objects\Menu.obj TO .\Obj
>> ects\STC89C52 PRINT (.\Listings\STC89C52.m51) RAMSIZE (256)


MEMORY MODEL: SMALL WITH FLOATING POINT ARITHMETIC


INPUT MODULES INCLUDED:
  .\Objects\main.obj (MAIN)
  .\Objects\Soft_I2C.obj (SOFT_I2C)
  .\Objects\SSD1306.obj (SSD1306)
  .\Objects\Menu.obj (MENU)
  D:\KEIL5\C51\LIB\C51FPS.LIB (?C?FPADD)
  D:\KEIL5\C51\LIB\C51FPS.LIB (?C?FPMUL)
  D:\KEIL5\C51\LIB\C51FPS.LIB (?C?CASTF)
  D:\KEIL5\C51\LIB\C51FPS.LIB (?C?FPGETOPN)
  D:\KEIL5\C51\LIB\C51S.LIB (?C_STARTUP)
  D:\KEIL5\C51\LIB\C51S.LIB (?C?CLDPTR)
  D:\KEIL5\C51\LIB\C51S.LIB (?C?CLDOPTR)
  D:\KEIL5\C51\LIB\C51S.LIB (?C?CSTPTR)
  D:\KEIL5\C51\LIB\C51S.LIB (?C?UIDIV)
  D:\KEIL5\C51\LIB\C51S.LIB (?C?LMUL)
  D:\KEIL5\C51\LIB\C51S.LIB (?C?SLDIV)
  D:\KEIL5\C51\LIB\C51S.LIB (?C?LNEG)
  D:\KEIL5\C51\LIB\C51S.LIB (?C?SLCMP)
  D:\KEIL5\C51\LIB\C51S.LIB (?C?LSTXDATA)
  D:\KEIL5\C51\LIB\C51S.LIB (?C?OFFXADD)
  D:\KEIL5\C51\LIB\C51S.LIB (?C_INIT)
  D:\KEIL5\C51\LIB\C51S.LIB (?C?ULDIV)


LINK MAP OF MODULE:  .\Objects\STC89C52 (MAIN)


            TYPE    BASE      LENGTH    RELOCATION   SEGMENT NAME
            -----------------------------------------------------

            * * * * * * *   D A T A   M E M O R Y   * * * * * * *
            REG     0000H     0008H     ABSOLUTE     "REG BANK 0"
            DATA    0008H     0040H     UNIT         _DATA_GROUP_
            DATA    0048H     000FH     UNIT         ?DT?MAIN
            DATA    0057H     000CH     UNIT         ?DT?_OLED_DRAWBMP?SSD1306
            DATA    0063H     0007H     UNIT         ?DT?_I2C_MEM_READ?SOFT_I2C
            DATA    006AH     0006H     UNIT         ?DT?_OLED_POW?SSD1306
            IDATA   0070H     0001H     UNIT         ?STACK

            * * * * * * *  X D A T A   M E M O R Y  * * * * * * *
            XDATA   0000H     001CH     UNIT         ?XD?MENU
            XDATA   001CH     000AH     UNIT         ?XD?SSD1306

            * * * * * * *   C O D E   M E M O R Y   * * * * * * *
            CODE    0000H     0003H     ABSOLUTE     
            CODE    0003H     0818H     UNIT         ?CO?SSD1306
            CODE    081BH     0485H     UNIT         ?C?LIB_CODE
            CODE    0CA0H     01BAH     UNIT         ?PR?_OLED_SHOWFLOAT?SSD1306
            CODE    0E5AH     01A5H     UNIT         ?PR?MENU_REFRESH?MENU
            CODE    0FFFH     0164H     UNIT         ?PR?MENU_DOWN?MENU
BL51 BANKED LINKER/LOCATER V6.22.4.0                                                  03/26/2026  17:22:23  PAGE 2


            CODE    1163H     0157H     UNIT         ?PR?MENU_UP?MENU
            CODE    12BAH     014BH     UNIT         ?PR?_OLED_SHOWCHAR?SSD1306
            CODE    1405H     0125H     UNIT         ?PR?_OLED_SHOWNUM?SSD1306
            CODE    152AH     00F9H     UNIT         ?PR?MAIN?MAIN
            CODE    1623H     00E6H     UNIT         ?CO?MENU
            CODE    1709H     00D2H     UNIT         ?PR?OLED_INIT?SSD1306
            CODE    17DBH     009CH     UNIT         ?PR?MENU_FORWARD?MENU
            CODE    1877H     008CH     UNIT         ?C_C51STARTUP
            CODE    1903H     0085H     UNIT         ?PR?_OLED_DRAWBMP?SSD1306
            CODE    1988H     006EH     UNIT         ?PR?_I2C_MEM_READ?SOFT_I2C
            CODE    19F6H     0050H     UNIT         ?PR?_I2C_MEM_WRITE?SOFT_I2C
            CODE    1A46H     0044H     UNIT         ?C?LDIV
            CODE    1A8AH     0043H     UNIT         ?PR?_OLED_SHOWSTRING?SSD1306
            CODE    1ACDH     003AH     UNIT         ?PR?MENU_BACKWARD?MENU
            CODE    1B07H     0039H     UNIT         ?PR?_OLED_POW?SSD1306
            CODE    1B40H     0032H     UNIT         ?PR?I2C_WAIT_ACK?SOFT_I2C
            CODE    1B72H     0032H     UNIT         ?PR?OLED_CLEAR?SSD1306
            CODE    1BA4H     002EH     UNIT         ?PR?_I2C_READ_BYTE?SOFT_I2C
            CODE    1BD2H     0028H     UNIT         ?PR?_OLED_WR_BYTE?SSD1306
            CODE    1BFAH     0023H     UNIT         ?PR?_I2C_WRITE_BYTE?SOFT_I2C
            CODE    1C1DH     001FH     UNIT         ?PR?_OLED_SET_POS?SSD1306
            CODE    1C3CH     001CH     UNIT         ?C_INITSEG
            CODE    1C58H     0018H     UNIT         ?PR?MENU_INIT?MENU
            CODE    1C70H     0017H     UNIT         ?PR?_DELAY_MS?MAIN
            CODE    1C87H     0015H     UNIT         ?PR?OLED_DISPLAY_ON?SSD1306
            CODE    1C9CH     0015H     UNIT         ?PR?OLED_DISPLAY_OFF?SSD1306
            CODE    1CB1H     0012H     UNIT         ?PR?I2C_START?SOFT_I2C
            CODE    1CC3H     0012H     UNIT         ?PR?I2C_STOP?SOFT_I2C
            CODE    1CD5H     0011H     UNIT         ?PR?_DELAY_US?MAIN
            CODE    1CE6H     000FH     UNIT         ?PR?I2C_ACK?SOFT_I2C
            CODE    1CF5H     000DH     UNIT         ?PR?I2C_DELAY?SOFT_I2C
            CODE    1D02H     000CH     UNIT         ?PR?I2C_NACK?SOFT_I2C
            CODE    1D0EH     0006H     UNIT         ?PR?I2C_SDA_READ?SOFT_I2C
            CODE    1D14H     0004H     UNIT         ?PR?I2C_TIMEOUT_DELAY?SOFT_I2C
            CODE    1D18H     0003H     UNIT         ?PR?I2C_SCL_H?SOFT_I2C
            CODE    1D1BH     0003H     UNIT         ?PR?I2C_SCL_L?SOFT_I2C
            CODE    1D1EH     0003H     UNIT         ?PR?I2C_SDA_H?SOFT_I2C
            CODE    1D21H     0003H     UNIT         ?PR?I2C_SDA_L?SOFT_I2C
            CODE    1D24H     0001H     UNIT         ?PR?OLED_REFRESH_GRAM?SSD1306



OVERLAY MAP OF MODULE:   .\Objects\STC89C52 (MAIN)


SEGMENT                                  DATA_GROUP 
  +--> CALLED SEGMENT                  START    LENGTH
------------------------------------------------------
?C_C51STARTUP                          -----    -----
  +--> ?PR?MAIN?MAIN
  +--> ?C_INITSEG

?PR?MAIN?MAIN                          -----    -----
  +--> ?PR?MENU_INIT?MENU
  +--> ?PR?MENU_UP?MENU
  +--> ?PR?MENU_DOWN?MENU
  +--> ?PR?MENU_FORWARD?MENU
BL51 BANKED LINKER/LOCATER V6.22.4.0                                                  03/26/2026  17:22:23  PAGE 3


  +--> ?PR?MENU_BACKWARD?MENU
  +--> ?PR?_DELAY_MS?MAIN

?PR?MENU_INIT?MENU                     -----    -----
  +--> ?PR?OLED_INIT?SSD1306
  +--> ?PR?OLED_CLEAR?SSD1306
  +--> ?PR?OLED_DISPLAY_ON?SSD1306
  +--> ?PR?MENU_REFRESH?MENU

?PR?OLED_INIT?SSD1306                  -----    -----
  +--> ?PR?_OLED_WR_BYTE?SSD1306
  +--> ?PR?OLED_CLEAR?SSD1306
  +--> ?PR?_OLED_SET_POS?SSD1306

?PR?_OLED_WR_BYTE?SSD1306              0040H    0001H
  +--> ?PR?_I2C_MEM_WRITE?SOFT_I2C

?PR?_I2C_MEM_WRITE?SOFT_I2C            0041H    0007H
  +--> ?PR?I2C_START?SOFT_I2C
  +--> ?PR?I2C_WAIT_ACK?SOFT_I2C
  +--> ?PR?_I2C_WRITE_BYTE?SOFT_I2C
  +--> ?PR?I2C_STOP?SOFT_I2C

?PR?I2C_START?SOFT_I2C                 -----    -----
  +--> ?PR?I2C_SDA_H?SOFT_I2C
  +--> ?PR?I2C_SCL_H?SOFT_I2C
  +--> ?PR?I2C_DELAY?SOFT_I2C
  +--> ?PR?I2C_SDA_L?SOFT_I2C
  +--> ?PR?I2C_SCL_L?SOFT_I2C

?PR?I2C_DELAY?SOFT_I2C                 -----    -----
  +--> ?PR?I2C_SCL_H?SOFT_I2C

?PR?I2C_WAIT_ACK?SOFT_I2C              -----    -----
  +--> ?PR?_I2C_WRITE_BYTE?SOFT_I2C
  +--> ?PR?I2C_SCL_H?SOFT_I2C
  +--> ?PR?I2C_DELAY?SOFT_I2C
  +--> ?PR?I2C_SDA_READ?SOFT_I2C
  +--> ?PR?I2C_TIMEOUT_DELAY?SOFT_I2C
  +--> ?PR?I2C_STOP?SOFT_I2C
  +--> ?PR?I2C_SCL_L?SOFT_I2C

?PR?_I2C_WRITE_BYTE?SOFT_I2C           -----    -----
  +--> ?PR?I2C_SCL_L?SOFT_I2C
  +--> ?PR?I2C_SDA_H?SOFT_I2C
  +--> ?PR?I2C_SDA_L?SOFT_I2C
  +--> ?PR?I2C_DELAY?SOFT_I2C

?PR?I2C_STOP?SOFT_I2C                  -----    -----
  +--> ?PR?I2C_SDA_L?SOFT_I2C
  +--> ?PR?I2C_SCL_H?SOFT_I2C
  +--> ?PR?I2C_DELAY?SOFT_I2C
  +--> ?PR?I2C_SDA_H?SOFT_I2C
  +--> ?PR?I2C_SCL_L?SOFT_I2C

?PR?OLED_CLEAR?SSD1306                 0008H    0002H
  +--> ?PR?_OLED_WR_BYTE?SSD1306
BL51 BANKED LINKER/LOCATER V6.22.4.0                                                  03/26/2026  17:22:23  PAGE 4



?PR?_OLED_SET_POS?SSD1306              003FH    0001H
  +--> ?PR?_OLED_WR_BYTE?SSD1306

?PR?OLED_DISPLAY_ON?SSD1306            -----    -----
  +--> ?PR?_OLED_WR_BYTE?SSD1306

?PR?MENU_REFRESH?MENU                  -----    -----
  +--> ?CO?MENU
  +--> ?PR?_OLED_SHOWSTRING?SSD1306
  +--> ?PR?_OLED_SHOWNUM?SSD1306
  +--> ?PR?_OLED_SHOWFLOAT?SSD1306
  +--> ?PR?OLED_REFRESH_GRAM?SSD1306

?PR?_OLED_SHOWSTRING?SSD1306           0031H    0008H
  +--> ?PR?_OLED_SHOWCHAR?SSD1306

?PR?_OLED_SHOWCHAR?SSD1306             0039H    0006H
  +--> ?PR?_OLED_SET_POS?SSD1306
  +--> ?CO?SSD1306
  +--> ?PR?_OLED_WR_BYTE?SSD1306

?PR?_OLED_SHOWNUM?SSD1306              0008H    000CH
  +--> ?PR?_OLED_SHOWCHAR?SSD1306

?PR?_OLED_SHOWFLOAT?SSD1306            0008H    0029H
  +--> ?PR?_OLED_SHOWCHAR?SSD1306
  +--> ?PR?_OLED_SHOWSTRING?SSD1306

?PR?MENU_UP?MENU                       -----    -----
  +--> ?CO?MENU
  +--> ?PR?MENU_REFRESH?MENU

?PR?MENU_DOWN?MENU                     -----    -----
  +--> ?CO?MENU
  +--> ?PR?MENU_REFRESH?MENU

?PR?MENU_FORWARD?MENU                  -----    -----
  +--> ?CO?MENU
  +--> ?PR?OLED_CLEAR?SSD1306
  +--> ?PR?MENU_REFRESH?MENU

?PR?MENU_BACKWARD?MENU                 -----    -----
  +--> ?CO?MENU
  +--> ?PR?OLED_CLEAR?SSD1306
  +--> ?PR?MENU_REFRESH?MENU

?PR?_DELAY_MS?MAIN                     -----    -----
  +--> ?PR?_DELAY_US?MAIN



SYMBOL TABLE OF MODULE:  .\Objects\STC89C52 (MAIN)

  VALUE           TYPE          NAME
  ----------------------------------

BL51 BANKED LINKER/LOCATER V6.22.4.0                                                  03/26/2026  17:22:23  PAGE 5


  -------         MODULE        MAIN
  C:0000H         SYMBOL        _ICE_DUMMY_
  B:00B0H.0       PUBLIC        P3_0
  B:00B0H.1       PUBLIC        P3_1
  B:00B0H.2       PUBLIC        P3_2
  B:00B0H.3       PUBLIC        P3_3
  C:152AH         PUBLIC        main
  D:0048H         PUBLIC        temp
  D:0049H         PUBLIC        prev_state
  D:004DH         PUBLIC        Button_Counter
  D:004EH         PUBLIC        Hold_Counter
  D:0052H         PUBLIC        cur_state
  C:1C70H         PUBLIC        _delay_ms
  C:1CD5H         PUBLIC        _delay_us
  D:0056H         PUBLIC        i
  -------         PROC          MAIN
  C:152AH         LINE#         17
  C:152AH         LINE#         18
  C:152AH         LINE#         20
  C:152DH         LINE#         23
  C:1530H         LINE#         24
  C:1537H         LINE#         25
  C:153EH         LINE#         27
  C:153EH         LINE#         28
  C:153EH         LINE#         29
  C:1540H         LINE#         31
  C:154AH         LINE#         33
  C:154DH         LINE#         35
  C:155BH         LINE#         36
  C:1581H         LINE#         41
  C:1592H         LINE#         43
  C:15A1H         LINE#         44
  C:15A6H         LINE#         45
  C:15ABH         LINE#         46
  C:15B0H         LINE#         47
  C:15B3H         LINE#         48
  C:15B3H         LINE#         49
  C:15B3H         LINE#         50
  C:15B5H         LINE#         53
  C:15C5H         LINE#         54
  C:15CBH         LINE#         55
  C:15D7H         LINE#         56
  C:15E0H         LINE#         57
  C:15EFH         LINE#         58
  C:15F4H         LINE#         59
  C:15F9H         LINE#         60
  C:15FEH         LINE#         61
  C:1603H         LINE#         62
  C:1603H         LINE#         63
  C:1603H         LINE#         64
  C:1603H         LINE#         65
  C:1603H         LINE#         66
  C:160AH         LINE#         67
  C:160AH         LINE#         68
  C:1616H         LINE#         70
  C:1619H         LINE#         71
  C:1619H         LINE#         73
BL51 BANKED LINKER/LOCATER V6.22.4.0                                                  03/26/2026  17:22:23  PAGE 6


  C:1620H         LINE#         74
  -------         ENDPROC       MAIN
  -------         PROC          _DELAY_US
  D:0006H         SYMBOL        us
  C:1CD5H         LINE#         77
  C:1CD5H         LINE#         78
  C:1CD5H         LINE#         79
  C:1CDCH         LINE#         80
  C:1CE5H         LINE#         81
  -------         ENDPROC       _DELAY_US
  -------         PROC          _DELAY_MS
  D:0002H         SYMBOL        ms
  C:1C70H         LINE#         83
  C:1C74H         LINE#         84
  C:1C74H         LINE#         85
  C:1C86H         LINE#         86
  -------         ENDPROC       _DELAY_MS
  -------         ENDMOD        MAIN

  -------         MODULE        SOFT_I2C
  C:0000H         SYMBOL        _ICE_DUMMY_
  B:00A0H.1       PUBLIC        I2C_SCL
  D:00A0H         PUBLIC        P2
  C:1D14H         PUBLIC        I2C_timeout_delay
  C:1D1EH         PUBLIC        I2C_SDA_H
  C:1D21H         PUBLIC        I2C_SDA_L
  C:1D18H         PUBLIC        I2C_SCL_H
  C:1D1BH         PUBLIC        I2C_SCL_L
  C:1CFBH         PUBLIC        I2C_delay
  C:1D02H         PUBLIC        I2C_nack
  C:1CE6H         PUBLIC        I2C_ack
  C:1CB1H         PUBLIC        I2C_start
  C:1BA4H         PUBLIC        _I2C_read_byte
  C:1D0EH         PUBLIC        I2C_SDA_Read
  C:1988H         PUBLIC        _I2C_mem_read
  C:1BFAH         PUBLIC        _I2C_write_byte
  C:1B46H         PUBLIC        I2C_wait_ack
  C:1CC3H         PUBLIC        I2C_stop
  C:19F6H         PUBLIC        _I2C_mem_write
  B:00A0H.0       PUBLIC        I2C_SDA
  -------         PROC          I2C_TIMEOUT_DELAY
  C:1D14H         LINE#         14
  C:1D14H         LINE#         15
  C:1D14H         LINE#         16
  C:1D15H         LINE#         17
  C:1D16H         LINE#         18
  C:1D17H         LINE#         19
  -------         ENDPROC       I2C_TIMEOUT_DELAY
  C:1CF5H         SYMBOL        L?0049
  -------         PROC          L?0048
  -------         ENDPROC       L?0048
  C:1CF5H         SYMBOL        L?0049
  -------         PROC          I2C_DELAY
  C:1CFBH         LINE#         21
  C:1CFBH         LINE#         22
  C:1CFBH         LINE#         24
  C:1CFCH         LINE#         25
BL51 BANKED LINKER/LOCATER V6.22.4.0                                                  03/26/2026  17:22:23  PAGE 7


  C:1CFDH         LINE#         26
  C:1CFEH         LINE#         27
  C:1CFFH         LINE#         28
  C:1D00H         LINE#         29
  C:1D01H         LINE#         30
  -------         ENDPROC       I2C_DELAY
  -------         PROC          I2C_SCL_H
  C:1D18H         LINE#         33
  C:1D18H         LINE#         34
  C:1D18H         LINE#         35
  C:1D1AH         LINE#         36
  -------         ENDPROC       I2C_SCL_H
  -------         PROC          I2C_SCL_L
  C:1D1BH         LINE#         39
  C:1D1BH         LINE#         40
  C:1D1BH         LINE#         41
  C:1D1DH         LINE#         42
  -------         ENDPROC       I2C_SCL_L
  -------         PROC          I2C_SDA_H
  C:1D1EH         LINE#         45
  C:1D1EH         LINE#         46
  C:1D1EH         LINE#         47
  C:1D20H         LINE#         48
  -------         ENDPROC       I2C_SDA_H
  -------         PROC          I2C_SDA_L
  C:1D21H         LINE#         51
  C:1D21H         LINE#         52
  C:1D21H         LINE#         53
  C:1D23H         LINE#         54
  -------         ENDPROC       I2C_SDA_L
  -------         PROC          I2C_SDA_READ
  C:1D0EH         LINE#         56
  C:1D0EH         LINE#         57
  C:1D0EH         LINE#         58
  C:1D13H         LINE#         59
  -------         ENDPROC       I2C_SDA_READ
  -------         PROC          I2C_START
  C:1CB1H         LINE#         68
  C:1CB1H         LINE#         69
  C:1CB1H         LINE#         70
  C:1CB4H         LINE#         71
  C:1CB7H         LINE#         72
  C:1CBAH         LINE#         74
  C:1CBDH         LINE#         75
  C:1CC0H         LINE#         76
  -------         ENDPROC       I2C_START
  -------         PROC          I2C_STOP
  C:1CC3H         LINE#         84
  C:1CC3H         LINE#         85
  C:1CC3H         LINE#         86
  C:1CC6H         LINE#         87
  C:1CC9H         LINE#         88
  C:1CCCH         LINE#         90
  C:1CCFH         LINE#         91
  C:1CD2H         LINE#         92
  -------         ENDPROC       I2C_STOP
  -------         PROC          I2C_ACK
BL51 BANKED LINKER/LOCATER V6.22.4.0                                                  03/26/2026  17:22:23  PAGE 8


  C:1CE6H         LINE#         100
  C:1CE6H         LINE#         101
  C:1CE6H         LINE#         102
  C:1CE9H         LINE#         103
  C:1CECH         LINE#         104
  C:1CECH         LINE#         106
  C:1CECH         LINE#         107
  C:1CEFH         LINE#         108
  C:1CF2H         LINE#         109
  -------         ENDPROC       I2C_ACK
  -------         PROC          I2C_NACK
  C:1D02H         LINE#         117
  C:1D02H         LINE#         118
  C:1D02H         LINE#         119
  C:1D05H         LINE#         120
  C:1D08H         LINE#         121
  C:1D08H         LINE#         123
  C:1D08H         LINE#         124
  C:1D0BH         LINE#         125
  -------         ENDPROC       I2C_NACK
  C:1B42H         SYMBOL        L?0051
  -------         PROC          L?0050
  -------         ENDPROC       L?0050
  C:1B42H         SYMBOL        L?0051
  -------         PROC          I2C_WAIT_ACK
  -------         DO            
  D:0004H         SYMBOL        time_temp
  -------         ENDDO         
  C:1B46H         LINE#         133
  C:1B46H         LINE#         134
  C:1B46H         LINE#         135
  C:1B49H         LINE#         137
  C:1B4CH         LINE#         138
  C:1B4FH         LINE#         139
  C:1B55H         LINE#         140
  C:1B55H         LINE#         141
  C:1B5AH         LINE#         142
  C:1B5DH         LINE#         143
  C:1B66H         LINE#         144
  C:1B66H         LINE#         145
  C:1B69H         LINE#         146
  C:1B6CH         LINE#         147
  C:1B6CH         LINE#         148
  C:1B6CH         LINE#         149
  C:1B6FH         LINE#         150
  C:1B71H         LINE#         151
  -------         ENDPROC       I2C_WAIT_ACK
  -------         PROC          _I2C_WRITE_BYTE
  D:0007H         SYMBOL        dat
  -------         DO            
  D:0006H         SYMBOL        i
  -------         ENDDO         
  C:1BFAH         LINE#         158
  C:1BFAH         LINE#         159
  C:1BFAH         LINE#         160
  C:1BFCH         LINE#         162
  C:1BFFH         LINE#         163
BL51 BANKED LINKER/LOCATER V6.22.4.0                                                  03/26/2026  17:22:23  PAGE 9


  C:1BFFH         LINE#         164
  C:1C08H         LINE#         165
  C:1C0BH         LINE#         167
  C:1C0FH         LINE#         169
  C:1C0FH         LINE#         170
  C:1C0FH         LINE#         171
  C:1C12H         LINE#         172
  C:1C15H         LINE#         173
  C:1C18H         LINE#         174
  C:1C1CH         LINE#         175
  -------         ENDPROC       _I2C_WRITE_BYTE
  -------         PROC          _I2C_READ_BYTE
  D:0006H         SYMBOL        ack
  -------         DO            
  D:0005H         SYMBOL        i
  D:0004H         SYMBOL        receive
  -------         ENDDO         
  C:1BA4H         LINE#         182
  C:1BA6H         LINE#         183
  C:1BA6H         LINE#         184
  C:1BA9H         LINE#         186
  C:1BA9H         LINE#         187
  C:1BACH         LINE#         188
  C:1BAFH         LINE#         189
  C:1BB2H         LINE#         190
  C:1BB6H         LINE#         191
  C:1BBCH         LINE#         192
  C:1BBDH         LINE#         193
  C:1BC0H         LINE#         194
  C:1BC4H         LINE#         195
  C:1BC7H         LINE#         196
  C:1BCCH         LINE#         198
  C:1BCFH         LINE#         200
  C:1BD1H         LINE#         201
  -------         ENDPROC       _I2C_READ_BYTE
  -------         PROC          _I2C_MEM_WRITE
  D:0007H         SYMBOL        DevAddress
  D:0042H         SYMBOL        MemAddress
  D:0043H         SYMBOL        pData
  D:0046H         SYMBOL        Len
  C:19F6H         LINE#         214
  C:19FEH         LINE#         215
  C:19FEH         LINE#         216
  C:1A01H         LINE#         217
  C:1A02H         LINE#         218
  C:1A08H         LINE#         219
  C:1A0BH         LINE#         220
  C:1A10H         LINE#         221
  C:1A16H         LINE#         222
  C:1A19H         LINE#         223
  C:1A26H         LINE#         224
  C:1A26H         LINE#         225
  C:1A37H         LINE#         226
  C:1A3DH         LINE#         227
  C:1A40H         LINE#         228
  C:1A40H         LINE#         229
  C:1A43H         LINE#         230
BL51 BANKED LINKER/LOCATER V6.22.4.0                                                  03/26/2026  17:22:23  PAGE 10


  C:1A45H         LINE#         231
  -------         ENDPROC       _I2C_MEM_WRITE
  -------         PROC          _I2C_MEM_READ
  D:0063H         SYMBOL        DevAddress
  D:0064H         SYMBOL        MemAddress
  D:0065H         SYMBOL        pBuffer
  D:0068H         SYMBOL        Len
  C:1988H         LINE#         239
  C:1992H         LINE#         240
  C:1992H         LINE#         241
  C:1995H         LINE#         242
  C:1997H         LINE#         243
  C:199DH         LINE#         244
  C:19A0H         LINE#         246
  C:19A5H         LINE#         247
  C:19ABH         LINE#         248
  C:19AEH         LINE#         250
  C:19B1H         LINE#         251
  C:19B7H         LINE#         252
  C:19BDH         LINE#         253
  C:19C0H         LINE#         255
  C:19CDH         LINE#         256
  C:19CDH         LINE#         257
  C:19EEH         LINE#         258
  C:19F0H         LINE#         259
  C:19F3H         LINE#         260
  C:19F5H         LINE#         261
  -------         ENDPROC       _I2C_MEM_READ
  -------         ENDMOD        SOFT_I2C

  -------         MODULE        SSD1306
  C:0000H         SYMBOL        _ICE_DUMMY_
  C:1C87H         PUBLIC        OLED_Display_On
  D:00A0H         PUBLIC        P2
  C:0003H         PUBLIC        F8X6
  C:1709H         PUBLIC        OLED_Init
  X:001CH         SYMBOL        temp_digits
  C:0CA0H         PUBLIC        _OLED_ShowFloat
  C:1A8AH         PUBLIC        _OLED_ShowString
  C:1BD7H         PUBLIC        _OLED_WR_Byte
  C:12CDH         PUBLIC        _OLED_ShowChar
  C:022BH         PUBLIC        F8X16
  C:1D24H         PUBLIC        OLED_Refresh_Gram
  C:1C1DH         PUBLIC        _OLED_Set_Pos
  C:1405H         PUBLIC        _OLED_ShowNum
  C:1C9CH         PUBLIC        OLED_Display_Off
  C:1B07H         PUBLIC        _oled_pow
  C:1B72H         PUBLIC        OLED_Clear
  C:1903H         PUBLIC        _OLED_DrawBMP
  -------         PROC          OLED_REFRESH_GRAM
  C:1D24H         LINE#         33
  C:1D24H         LINE#         34
  C:1D24H         LINE#         43
  -------         ENDPROC       OLED_REFRESH_GRAM
  -------         PROC          L?0088
  -------         ENDPROC       L?0088
  -------         PROC          _OLED_WR_BYTE
BL51 BANKED LINKER/LOCATER V6.22.4.0                                                  03/26/2026  17:22:23  PAGE 11


  D:0040H         SYMBOL        dat
  D:0005H         SYMBOL        cmd
  C:1BD7H         LINE#         50
  C:1BD9H         LINE#         51
  C:1BD9H         LINE#         52
  C:1BE2H         LINE#         53
  C:1BECH         LINE#         55
  C:1BF9H         LINE#         56
  -------         ENDPROC       _OLED_WR_BYTE
  -------         PROC          _OLED_SET_POS
  D:003FH         SYMBOL        x
  D:0005H         SYMBOL        y
  C:1C1DH         LINE#         66
  C:1C1FH         LINE#         67
  C:1C1FH         LINE#         68
  C:1C23H         LINE#         69
  C:1C32H         LINE#         70
  -------         ENDPROC       _OLED_SET_POS
  -------         PROC          OLED_DISPLAY_ON
  C:1C87H         LINE#         78
  C:1C87H         LINE#         79
  C:1C87H         LINE#         80
  C:1C8EH         LINE#         81
  C:1C95H         LINE#         82
  -------         ENDPROC       OLED_DISPLAY_ON
  -------         PROC          OLED_DISPLAY_OFF
  C:1C9CH         LINE#         90
  C:1C9CH         LINE#         91
  C:1C9CH         LINE#         92
  C:1CA3H         LINE#         93
  C:1CAAH         LINE#         94
  -------         ENDPROC       OLED_DISPLAY_OFF
  -------         PROC          OLED_CLEAR
  -------         DO            
  D:0008H         SYMBOL        i
  D:0009H         SYMBOL        n
  -------         ENDDO         
  C:1B72H         LINE#         102
  C:1B72H         LINE#         103
  C:1B72H         LINE#         113
  C:1B75H         LINE#         114
  C:1B75H         LINE#         115
  C:1B7AH         LINE#         116
  C:1B80H         LINE#         117
  C:1B87H         LINE#         118
  C:1B8AH         LINE#         119
  C:1B9AH         LINE#         120
  C:1BA3H         LINE#         122
  -------         ENDPROC       OLED_CLEAR
  -------         PROC          L?0087
  -------         ENDPROC       L?0087
  -------         PROC          _OLED_SHOWCHAR
  D:0039H         SYMBOL        x
  D:003AH         SYMBOL        y
  D:003BH         SYMBOL        chr
  D:003CH         SYMBOL        charSize
  D:003DH         SYMBOL        Is_Reverse
BL51 BANKED LINKER/LOCATER V6.22.4.0                                                  03/26/2026  17:22:23  PAGE 12


  -------         DO            
  D:003EH         SYMBOL        i
  -------         ENDDO         
  C:12CDH         LINE#         129
  C:12D3H         LINE#         130
  C:12D3H         LINE#         131
  C:12D6H         LINE#         132
  C:12DCH         LINE#         133
  C:12E3H         LINE#         134
  C:12E3H         LINE#         135
  C:12E6H         LINE#         136
  C:12EAH         LINE#         137
  C:12EAH         LINE#         155
  C:12F3H         LINE#         156
  C:12F3H         LINE#         157
  C:12FAH         LINE#         158
  C:12FDH         LINE#         159
  C:134BH         LINE#         160
  C:1354H         LINE#         161
  C:1357H         LINE#         162
  C:13A6H         LINE#         163
  C:13A6H         LINE#         164
  C:13ACH         LINE#         165
  C:13ACH         LINE#         166
  C:13B3H         LINE#         167
  C:13B6H         LINE#         168
  C:1404H         LINE#         169
  C:1404H         LINE#         171
  -------         ENDPROC       _OLED_SHOWCHAR
  -------         PROC          _OLED_POW
  D:006AH         SYMBOL        m
  D:006BH         SYMBOL        n
  -------         DO            
  D:006CH         SYMBOL        result
  -------         ENDDO         
  C:1B07H         LINE#         178
  C:1B0BH         LINE#         179
  C:1B0BH         LINE#         180
  C:1B15H         LINE#         181
  C:1B37H         LINE#         182
  C:1B3FH         LINE#         183
  -------         ENDPROC       _OLED_POW
  -------         PROC          _OLED_SHOWNUM
  D:0008H         SYMBOL        x
  D:0009H         SYMBOL        y
  D:000AH         SYMBOL        num
  D:000EH         SYMBOL        len
  D:000FH         SYMBOL        Size
  D:0010H         SYMBOL        Is_Reverse
  -------         DO            
  D:0011H         SYMBOL        i
  D:0012H         SYMBOL        digit_count
  D:0007H         SYMBOL        is_negative
  D:0013H         SYMBOL        start_x
  -------         ENDDO         
  C:1405H         LINE#         194
  C:1409H         LINE#         195
BL51 BANKED LINKER/LOCATER V6.22.4.0                                                  03/26/2026  17:22:23  PAGE 13


  C:1409H         LINE#         196
  C:140CH         LINE#         197
  C:140EH         LINE#         198
  C:140EH         LINE#         199
  C:1411H         LINE#         202
  C:141DH         LINE#         203
  C:141DH         LINE#         204
  C:1430H         LINE#         205
  C:143DH         LINE#         206
  C:143FH         LINE#         207
  C:1451H         LINE#         208
  C:1451H         LINE#         211
  C:145FH         LINE#         212
  C:146EH         LINE#         213
  C:147BH         LINE#         214
  C:147EH         LINE#         215
  C:1482H         LINE#         217
  C:1482H         LINE#         220
  C:1485H         LINE#         221
  C:149EH         LINE#         222
  C:14C1H         LINE#         223
  C:14DAH         LINE#         224
  C:14DCH         LINE#         227
  C:14E6H         LINE#         228
  C:1514H         LINE#         229
  C:1518H         LINE#         232
  C:1522H         LINE#         233
  C:1525H         LINE#         234
  C:1529H         LINE#         235
  -------         ENDPROC       _OLED_SHOWNUM
  -------         PROC          _OLED_SHOWFLOAT
  D:0008H         SYMBOL        x
  D:0009H         SYMBOL        y
  D:000AH         SYMBOL        value
  D:000EH         SYMBOL        Is_Reverse
  -------         DO            
  D:000FH         SYMBOL        num_buf
  D:001BH         SYMBOL        i
  D:001CH         SYMBOL        j
  D:001DH         SYMBOL        temp
  D:0007H         SYMBOL        is_negative
  D:0029H         SYMBOL        integer_part
  D:002DH         SYMBOL        decimal_part
  -------         ENDDO         
  C:0CA0H         LINE#         242
  C:0CA4H         LINE#         243
  C:0CA4H         LINE#         245
  C:0CA9H         LINE#         247
  C:0CA9H         LINE#         251
  C:0CB5H         LINE#         252
  C:0CB5H         LINE#         253
  C:0CC8H         LINE#         254
  C:0CD5H         LINE#         255
  C:0CD7H         LINE#         256
  C:0CE9H         LINE#         257
  C:0CE9H         LINE#         260
  C:0D02H         LINE#         261
BL51 BANKED LINKER/LOCATER V6.22.4.0                                                  03/26/2026  17:22:23  PAGE 14


  C:0D23H         LINE#         264
  C:0D31H         LINE#         265
  C:0D3BH         LINE#         266
  C:0D3DH         LINE#         267
  C:0D50H         LINE#         268
  C:0D6FH         LINE#         269
  C:0D88H         LINE#         270
  C:0D8AH         LINE#         271
  C:0D8AH         LINE#         274
  C:0D94H         LINE#         275
  C:0DA7H         LINE#         276
  C:0DABH         LINE#         277
  C:0DB2H         LINE#         280
  C:0DC4H         LINE#         283
  C:0DCEH         LINE#         284
  C:0DDCH         LINE#         285
  C:0DE2H         LINE#         288
  C:0DF6H         LINE#         289
  C:0E05H         LINE#         290
  C:0E0BH         LINE#         291
  C:0E0DH         LINE#         292
  C:0E0FH         LINE#         293
  C:0E31H         LINE#         294
  C:0E37H         LINE#         295
  C:0E59H         LINE#         296
  C:0E59H         LINE#         297
  -------         ENDPROC       _OLED_SHOWFLOAT
  -------         PROC          _OLED_SHOWSTRING
  D:0031H         SYMBOL        x
  D:0032H         SYMBOL        y
  D:0033H         SYMBOL        chr
  D:0036H         SYMBOL        charSize
  D:0037H         SYMBOL        Is_Reverse
  -------         DO            
  D:0038H         SYMBOL        j
  -------         ENDDO         
  C:1A8AH         LINE#         304
  C:1A94H         LINE#         305
  C:1A94H         LINE#         306
  C:1A97H         LINE#         307
  C:1AA9H         LINE#         308
  C:1AA9H         LINE#         309
  C:1AB6H         LINE#         310
  C:1ABCH         LINE#         311
  C:1AC1H         LINE#         312
  C:1AC1H         LINE#         313
  C:1AC4H         LINE#         314
  C:1AC8H         LINE#         315
  C:1AC8H         LINE#         316
  C:1ACAH         LINE#         317
  C:1ACCH         LINE#         318
  -------         ENDPROC       _OLED_SHOWSTRING
  -------         PROC          _OLED_DRAWBMP
  D:0057H         SYMBOL        x0
  D:0005H         SYMBOL        y0
  D:0059H         SYMBOL        x1
  D:005AH         SYMBOL        y1
BL51 BANKED LINKER/LOCATER V6.22.4.0                                                  03/26/2026  17:22:23  PAGE 15


  D:005BH         SYMBOL        BMP
  D:005EH         SYMBOL        Is_Reverse
  -------         DO            
  D:005FH         SYMBOL        j
  D:0061H         SYMBOL        x
  D:0062H         SYMBOL        y
  -------         ENDDO         
  C:1903H         LINE#         325
  C:1907H         LINE#         326
  C:1907H         LINE#         327
  C:190CH         LINE#         330
  C:1912H         LINE#         331
  C:191DH         LINE#         333
  C:1927H         LINE#         343
  C:1930H         LINE#         344
  C:1930H         LINE#         345
  C:1937H         LINE#         346
  C:1941H         LINE#         347
  C:1941H         LINE#         348
  C:197FH         LINE#         349
  C:1983H         LINE#         350
  C:1987H         LINE#         352
  -------         ENDPROC       _OLED_DRAWBMP
  -------         PROC          OLED_INIT
  C:1709H         LINE#         359
  C:1709H         LINE#         360
  C:1709H         LINE#         361
  C:1710H         LINE#         363
  C:1716H         LINE#         364
  C:171DH         LINE#         366
  C:1724H         LINE#         368
  C:172BH         LINE#         369
  C:1732H         LINE#         378
  C:1739H         LINE#         379
  C:1740H         LINE#         381
  C:1747H         LINE#         382
  C:174DH         LINE#         384
  C:1754H         LINE#         385
  C:175BH         LINE#         387
  C:1762H         LINE#         388
  C:1769H         LINE#         390
  C:1770H         LINE#         391
  C:1777H         LINE#         393
  C:177EH         LINE#         394
  C:1785H         LINE#         396
  C:178CH         LINE#         397
  C:1793H         LINE#         399
  C:179AH         LINE#         400
  C:17A1H         LINE#         402
  C:17A8H         LINE#         403
  C:17AFH         LINE#         405
  C:17B6H         LINE#         406
  C:17BDH         LINE#         408
  C:17C4H         LINE#         409
  C:17CBH         LINE#         411
  C:17D2H         LINE#         412
  C:17D5H         LINE#         413
BL51 BANKED LINKER/LOCATER V6.22.4.0                                                  03/26/2026  17:22:23  PAGE 16


  -------         ENDPROC       OLED_INIT
  -------         ENDMOD        SSD1306

  -------         MODULE        MENU
  C:0000H         SYMBOL        _ICE_DUMMY_
  X:0000H         PUBLIC        current_option_index
  C:1C58H         PUBLIC        Menu_Init
  X:0001H         PUBLIC        current_mode
  C:0FFFH         PUBLIC        Menu_Down
  C:1ACDH         PUBLIC        Menu_Backward
  X:0002H         PUBLIC        value
  X:001AH         PUBLIC        current_interface
  C:1633H         PUBLIC        interface
  C:1163H         PUBLIC        Menu_Up
  C:0E5AH         PUBLIC        Menu_Refresh
  C:17DBH         PUBLIC        Menu_Forward
  X:001BH         SYMBOL        i
  -------         PROC          MENU_INIT
  C:1C58H         LINE#         56
  C:1C58H         LINE#         57
  C:1C58H         LINE#         58
  C:1C5BH         LINE#         59
  C:1C5EH         LINE#         60
  C:1C61H         LINE#         61
  C:1C66H         LINE#         62
  C:1C6AH         LINE#         63
  C:1C6DH         LINE#         64
  -------         ENDPROC       MENU_INIT
  -------         PROC          MENU_REFRESH
  C:0E5AH         LINE#         73
  C:0E5AH         LINE#         74
  C:0E5AH         LINE#         77
  C:0E7CH         LINE#         78
  C:0E86H         LINE#         79
  C:0E8EH         LINE#         80
  C:0E90H         LINE#         81
  C:0EA2H         LINE#         82
  C:0EA2H         LINE#         83
  C:0ECDH         LINE#         84
  C:0ED5H         LINE#         87
  C:0EDDH         LINE#         88
  C:0EE4H         LINE#         89
  C:0EE6H         LINE#         90
  C:0EF6H         LINE#         91
  C:0EF6H         LINE#         94
  C:0F1CH         LINE#         95
  C:0F3AH         LINE#         96
  C:0F83H         LINE#         97
  C:0FACH         LINE#         98
  C:0FF3H         LINE#         99
  C:0FF3H         LINE#         101
  C:0FF3H         LINE#         102
  C:0FFCH         LINE#         104
  -------         ENDPROC       MENU_REFRESH
  -------         PROC          MENU_UP
  C:1163H         LINE#         112
  C:1163H         LINE#         113
BL51 BANKED LINKER/LOCATER V6.22.4.0                                                  03/26/2026  17:22:23  PAGE 17


  C:1163H         LINE#         114
  C:116CH         LINE#         115
  C:119EH         LINE#         116
  C:11A7H         LINE#         117
  C:11B4H         LINE#         118
  C:11F1H         LINE#         119
  C:121AH         LINE#         120
  C:1272H         LINE#         121
  C:1274H         LINE#         122
  C:12B7H         LINE#         123
  C:12B7H         LINE#         124
  C:12B7H         LINE#         126
  -------         ENDPROC       MENU_UP
  -------         PROC          MENU_DOWN
  C:0FFFH         LINE#         134
  C:0FFFH         LINE#         135
  C:0FFFH         LINE#         136
  C:1008H         LINE#         137
  C:1039H         LINE#         138
  C:1042H         LINE#         139
  C:104FH         LINE#         140
  C:108FH         LINE#         141
  C:10B8H         LINE#         142
  C:111BH         LINE#         143
  C:111DH         LINE#         144
  C:1160H         LINE#         145
  C:1160H         LINE#         146
  C:1160H         LINE#         148
  -------         ENDPROC       MENU_DOWN
  -------         PROC          MENU_FORWARD
  C:17DBH         LINE#         156
  C:17DBH         LINE#         157
  C:17DBH         LINE#         158
  C:17E6H         LINE#         159
  C:180CH         LINE#         161
  C:182AH         LINE#         162
  C:182FH         LINE#         163
  C:1832H         LINE#         164
  C:185FH         LINE#         166
  C:1864H         LINE#         167
  C:186AH         LINE#         170
  C:186AH         LINE#         171
  C:1872H         LINE#         173
  C:1874H         LINE#         174
  C:1874H         LINE#         176
  -------         ENDPROC       MENU_FORWARD
  -------         PROC          MENU_BACKWARD
  C:1ACDH         LINE#         184
  C:1ACDH         LINE#         185
  C:1ACDH         LINE#         186
  C:1AD4H         LINE#         188
  C:1AEBH         LINE#         189
  C:1AF0H         LINE#         190
  C:1AF2H         LINE#         191
  C:1AF2H         LINE#         192
  C:1AF7H         LINE#         193
  C:1AFAH         LINE#         194
BL51 BANKED LINKER/LOCATER V6.22.4.0                                                  03/26/2026  17:22:23  PAGE 18


  C:1B02H         LINE#         196
  C:1B04H         LINE#         197
  C:1B04H         LINE#         199
  -------         ENDPROC       MENU_BACKWARD
  -------         ENDMOD        MENU

  -------         MODULE        ?C?FPADD
  C:0822H         PUBLIC        ?C?FPADD
  C:081EH         PUBLIC        ?C?FPSUB
  -------         ENDMOD        ?C?FPADD

  -------         MODULE        ?C?FPMUL
  C:0913H         PUBLIC        ?C?FPMUL
  -------         ENDMOD        ?C?FPMUL

  -------         MODULE        ?C?CASTF
  C:0A19H         PUBLIC        ?C?CASTF
  -------         ENDMOD        ?C?CASTF

  -------         MODULE        ?C?CLDPTR
  C:0A9AH         PUBLIC        ?C?CLDPTR
  -------         ENDMOD        ?C?CLDPTR

  -------         MODULE        ?C?CLDOPTR
  C:0AB3H         PUBLIC        ?C?CLDOPTR
  -------         ENDMOD        ?C?CLDOPTR

  -------         MODULE        ?C?CSTPTR
  C:0AE0H         PUBLIC        ?C?CSTPTR
  -------         ENDMOD        ?C?CSTPTR

  -------         MODULE        ?C?UIDIV
  C:0AF2H         PUBLIC        ?C?UIDIV
  -------         ENDMOD        ?C?UIDIV

  -------         MODULE        ?C?LMUL
  C:0B47H         PUBLIC        ?C?LMUL
  -------         ENDMOD        ?C?LMUL

  -------         MODULE        ?C?SLDIV
  C:1A46H         PUBLIC        ?C?SLDIV
  -------         ENDMOD        ?C?SLDIV

  -------         MODULE        ?C?LNEG
  C:0B96H         PUBLIC        ?C?LNEG
  -------         ENDMOD        ?C?LNEG

  -------         MODULE        ?C?SLCMP
  C:0BA4H         PUBLIC        ?C?SLCMP
  -------         ENDMOD        ?C?SLCMP

  -------         MODULE        ?C?LSTXDATA
  C:0BBAH         PUBLIC        ?C?LSTXDATA
  -------         ENDMOD        ?C?LSTXDATA

  -------         MODULE        ?C?OFFXADD
  C:0BC6H         PUBLIC        ?C?OFFXADD
BL51 BANKED LINKER/LOCATER V6.22.4.0                                                  03/26/2026  17:22:23  PAGE 19


  -------         ENDMOD        ?C?OFFXADD

  -------         MODULE        ?C?ULDIV
  C:0C0EH         PUBLIC        ?C?ULDIV
  -------         ENDMOD        ?C?ULDIV

*** WARNING L16: UNCALLED SEGMENT, IGNORED FOR OVERLAY PROCESS
    SEGMENT: ?PR?_I2C_MEM_READ?SOFT_I2C

*** WARNING L16: UNCALLED SEGMENT, IGNORED FOR OVERLAY PROCESS
    SEGMENT: ?PR?OLED_DISPLAY_OFF?SSD1306

*** WARNING L16: UNCALLED SEGMENT, IGNORED FOR OVERLAY PROCESS
    SEGMENT: ?PR?_OLED_POW?SSD1306

*** WARNING L16: UNCALLED SEGMENT, IGNORED FOR OVERLAY PROCESS
    SEGMENT: ?PR?_OLED_DRAWBMP?SSD1306

Program Size: data=113.0 xdata=38 code=7461
LINK/LOCATE RUN COMPLETE.  4 WARNING(S),  0 ERROR(S)
