BL51 BANKED LINKER/LOCATER V6.22.4.0                                                    03/28/2026  14:20:36  PAGE 1


BL51 BANKED LINKER/LOCATER V6.22.4.0, INVOKED BY:
D:\KEIL5\C51\BIN\BL51.EXE .\Objects\main.obj, .\Objects\Soft_I2C.obj, .\Objects\SSD1306.obj, .\Objects\Menu.obj, .\Objec
>> ts\eeprom.obj TO .\Objects\STC89C52 PRINT (.\Listings\STC89C52.m51) RAMSIZE (256)


MEMORY MODEL: SMALL WITH FLOATING POINT ARITHMETIC


INPUT MODULES INCLUDED:
  .\Objects\main.obj (MAIN)
  .\Objects\Soft_I2C.obj (SOFT_I2C)
  .\Objects\SSD1306.obj (SSD1306)
  .\Objects\Menu.obj (MENU)
  .\Objects\eeprom.obj (EEPROM)
  D:\KEIL5\C51\LIB\C51FPS.LIB (?C?FPADD)
  D:\KEIL5\C51\LIB\C51FPS.LIB (?C?FPMUL)
  D:\KEIL5\C51\LIB\C51FPS.LIB (?C?FPCMP)
  D:\KEIL5\C51\LIB\C51FPS.LIB (?C?FCAST)
  D:\KEIL5\C51\LIB\C51FPS.LIB (?C?CASTF)
  D:\KEIL5\C51\LIB\C51FPS.LIB (?C?FPGETOPN)
  D:\KEIL5\C51\LIB\C51S.LIB (?C_STARTUP)
  D:\KEIL5\C51\LIB\C51S.LIB (?C?CLDPTR)
  D:\KEIL5\C51\LIB\C51S.LIB (?C?CLDOPTR)
  D:\KEIL5\C51\LIB\C51S.LIB (?C?CSTPTR)
  D:\KEIL5\C51\LIB\C51S.LIB (?C?UIDIV)
  D:\KEIL5\C51\LIB\C51S.LIB (?C?LMUL)
  D:\KEIL5\C51\LIB\C51S.LIB (?C?SLDIV)
  D:\KEIL5\C51\LIB\C51S.LIB (?C?LNEG)
  D:\KEIL5\C51\LIB\C51S.LIB (?C?SLCMP)
  D:\KEIL5\C51\LIB\C51S.LIB (?C?LSTXDATA)
  D:\KEIL5\C51\LIB\C51S.LIB (?C?OFFXADD)
  D:\KEIL5\C51\LIB\C51S.LIB (?C_INIT)
  D:\KEIL5\C51\LIB\C51S.LIB (?C?ULDIV)


LINK MAP OF MODULE:  .\Objects\STC89C52 (MAIN)


            TYPE    BASE      LENGTH    RELOCATION   SEGMENT NAME
            -----------------------------------------------------

            * * * * * * *   D A T A   M E M O R Y   * * * * * * *
            REG     0000H     0008H     ABSOLUTE     "REG BANK 0"
            DATA    0008H     0040H     UNIT         _DATA_GROUP_
            DATA    0048H     000FH     UNIT         ?DT?MAIN
            DATA    0057H     0006H     UNIT         ?DT?_OLED_POW?SSD1306
            DATA    005DH     0001H     UNIT         ?DT?MENU
            IDATA   005EH     0001H     UNIT         ?STACK

            * * * * * * *  X D A T A   M E M O R Y  * * * * * * *
            XDATA   0000H     0020H     UNIT         ?XD?MENU
            XDATA   0020H     000AH     UNIT         ?XD?SSD1306

            * * * * * * *   C O D E   M E M O R Y   * * * * * * *
            CODE    0000H     0003H     ABSOLUTE     
            CODE    0003H     0818H     UNIT         ?CO?SSD1306
            CODE    081BH     053CH     UNIT         ?C?LIB_CODE
            CODE    0D57H     02ABH     UNIT         ?PR?MENU_REFRESH?MENU
BL51 BANKED LINKER/LOCATER V6.22.4.0                                                  03/28/2026  14:20:36  PAGE 2


            CODE    1002H     01BAH     UNIT         ?PR?_OLED_SHOWFLOAT?SSD1306
            CODE    11BCH     0164H     UNIT         ?PR?MENU_DOWN?MENU
            CODE    1320H     0157H     UNIT         ?PR?MENU_UP?MENU
            CODE    1477H     014BH     UNIT         ?PR?_OLED_SHOWCHAR?SSD1306
            CODE    15C2H     0125H     UNIT         ?PR?_OLED_SHOWNUM?SSD1306
            CODE    16E7H     00F4H     UNIT         ?PR?MAIN?MAIN
            CODE    17DBH     00F0H     UNIT         ?CO?MENU
            CODE    18CBH     00D4H     UNIT         ?PR?MENU_FORWARD?MENU
            CODE    199FH     00D2H     UNIT         ?PR?OLED_INIT?SSD1306
            CODE    1A71H     008CH     UNIT         ?C_C51STARTUP
            CODE    1AFDH     007FH     UNIT         ?PR?MENU_INIT?MENU
            CODE    1B7CH     006EH     UNIT         ?PR?_I2C_MEM_READ?SOFT_I2C
            CODE    1BEAH     0050H     UNIT         ?PR?_I2C_MEM_WRITE?SOFT_I2C
            CODE    1C3AH     0044H     UNIT         ?C?LDIV
            CODE    1C7EH     0043H     UNIT         ?PR?_OLED_SHOWSTRING?SSD1306
            CODE    1CC1H     003AH     UNIT         ?PR?MENU_BACKWARD?MENU
            CODE    1CFBH     0039H     UNIT         ?PR?_OLED_POW?SSD1306
            CODE    1D34H     0032H     UNIT         ?PR?I2C_WAIT_ACK?SOFT_I2C
            CODE    1D66H     0032H     UNIT         ?PR?OLED_CLEAR?SSD1306
            CODE    1D98H     0031H     UNIT         ?PR?_EEPROM_READFLOAT?EEPROM
            CODE    1DC9H     002EH     UNIT         ?PR?_I2C_READ_BYTE?SOFT_I2C
            CODE    1DF7H     0029H     UNIT         ?PR?_EEPROM_WRITEINT16?EEPROM
            CODE    1E20H     0028H     UNIT         ?PR?_OLED_WR_BYTE?SSD1306
            CODE    1E48H     0023H     UNIT         ?PR?_I2C_WRITE_BYTE?SOFT_I2C
            CODE    1E6BH     001FH     UNIT         ?PR?_OLED_SET_POS?SSD1306
            CODE    1E8AH     001CH     UNIT         ?C_INITSEG
            CODE    1EA6H     001AH     UNIT         ?PR?_EEPROM_READINT16?EEPROM
            CODE    1EC0H     001AH     UNIT         ?PR?_EEPROM_WRITEFLOAT?EEPROM
            CODE    1EDAH     0017H     UNIT         ?PR?_DELAY_MS?MAIN
            CODE    1EF1H     0015H     UNIT         ?PR?OLED_DISPLAY_ON?SSD1306
            CODE    1F06H     0015H     UNIT         ?PR?OLED_DISPLAY_OFF?SSD1306
            CODE    1F1BH     0012H     UNIT         ?PR?I2C_START?SOFT_I2C
            CODE    1F2DH     0012H     UNIT         ?PR?I2C_STOP?SOFT_I2C
            CODE    1F3FH     0011H     UNIT         ?PR?_DELAY_US?MAIN
            CODE    1F50H     000FH     UNIT         ?PR?I2C_ACK?SOFT_I2C
            CODE    1F5FH     000DH     UNIT         ?PR?I2C_DELAY?SOFT_I2C
            CODE    1F6CH     000CH     UNIT         ?PR?I2C_NACK?SOFT_I2C
            CODE    1F78H     0006H     UNIT         ?PR?I2C_SDA_READ?SOFT_I2C
            CODE    1F7EH     0004H     UNIT         ?PR?I2C_TIMEOUT_DELAY?SOFT_I2C
            CODE    1F82H     0003H     UNIT         ?PR?I2C_SCL_H?SOFT_I2C
            CODE    1F85H     0003H     UNIT         ?PR?I2C_SCL_L?SOFT_I2C
            CODE    1F88H     0003H     UNIT         ?PR?I2C_SDA_H?SOFT_I2C
            CODE    1F8BH     0003H     UNIT         ?PR?I2C_SDA_L?SOFT_I2C
            CODE    1F8EH     0001H     UNIT         ?PR?OLED_REFRESH_GRAM?SSD1306



OVERLAY MAP OF MODULE:   .\Objects\STC89C52 (MAIN)


SEGMENT                                  DATA_GROUP 
  +--> CALLED SEGMENT                  START    LENGTH
------------------------------------------------------
?C_C51STARTUP                          -----    -----
  +--> ?PR?MAIN?MAIN
  +--> ?C_INITSEG

BL51 BANKED LINKER/LOCATER V6.22.4.0                                                  03/28/2026  14:20:36  PAGE 3


?PR?MAIN?MAIN                          -----    -----
  +--> ?PR?MENU_INIT?MENU
  +--> ?PR?MENU_UP?MENU
  +--> ?PR?MENU_DOWN?MENU
  +--> ?PR?MENU_FORWARD?MENU
  +--> ?PR?MENU_BACKWARD?MENU
  +--> ?PR?_DELAY_MS?MAIN

?PR?MENU_INIT?MENU                     -----    -----
  +--> ?PR?OLED_INIT?SSD1306
  +--> ?PR?OLED_CLEAR?SSD1306
  +--> ?PR?OLED_DISPLAY_ON?SSD1306
  +--> ?PR?_EEPROM_READFLOAT?EEPROM
  +--> ?PR?_EEPROM_WRITEFLOAT?EEPROM
  +--> ?PR?MENU_REFRESH?MENU

?PR?OLED_INIT?SSD1306                  -----    -----
  +--> ?PR?_OLED_WR_BYTE?SSD1306
  +--> ?PR?OLED_CLEAR?SSD1306
  +--> ?PR?_OLED_SET_POS?SSD1306

?PR?_OLED_WR_BYTE?SSD1306              0040H    0001H
  +--> ?PR?_I2C_MEM_WRITE?SOFT_I2C

?PR?_I2C_MEM_WRITE?SOFT_I2C            0041H    0007H
  +--> ?PR?I2C_START?SOFT_I2C
  +--> ?PR?I2C_WAIT_ACK?SOFT_I2C
  +--> ?PR?_I2C_WRITE_BYTE?SOFT_I2C
  +--> ?PR?I2C_STOP?SOFT_I2C

?PR?I2C_START?SOFT_I2C                 -----    -----
  +--> ?PR?I2C_SDA_H?SOFT_I2C
  +--> ?PR?I2C_SCL_H?SOFT_I2C
  +--> ?PR?I2C_DELAY?SOFT_I2C
  +--> ?PR?I2C_SDA_L?SOFT_I2C
  +--> ?PR?I2C_SCL_L?SOFT_I2C

?PR?I2C_DELAY?SOFT_I2C                 -----    -----
  +--> ?PR?I2C_SCL_H?SOFT_I2C

?PR?I2C_WAIT_ACK?SOFT_I2C              -----    -----
  +--> ?PR?_I2C_WRITE_BYTE?SOFT_I2C
  +--> ?PR?I2C_SCL_H?SOFT_I2C
  +--> ?PR?I2C_DELAY?SOFT_I2C
  +--> ?PR?I2C_SDA_READ?SOFT_I2C
  +--> ?PR?I2C_TIMEOUT_DELAY?SOFT_I2C
  +--> ?PR?I2C_STOP?SOFT_I2C
  +--> ?PR?I2C_SCL_L?SOFT_I2C

?PR?_I2C_WRITE_BYTE?SOFT_I2C           -----    -----
  +--> ?PR?I2C_SCL_L?SOFT_I2C
  +--> ?PR?I2C_SDA_H?SOFT_I2C
  +--> ?PR?I2C_SDA_L?SOFT_I2C
  +--> ?PR?I2C_DELAY?SOFT_I2C

?PR?I2C_STOP?SOFT_I2C                  -----    -----
  +--> ?PR?I2C_SDA_L?SOFT_I2C
BL51 BANKED LINKER/LOCATER V6.22.4.0                                                  03/28/2026  14:20:36  PAGE 4


  +--> ?PR?I2C_SCL_H?SOFT_I2C
  +--> ?PR?I2C_DELAY?SOFT_I2C
  +--> ?PR?I2C_SDA_H?SOFT_I2C
  +--> ?PR?I2C_SCL_L?SOFT_I2C

?PR?OLED_CLEAR?SSD1306                 0008H    0002H
  +--> ?PR?_OLED_WR_BYTE?SSD1306

?PR?_OLED_SET_POS?SSD1306              003FH    0001H
  +--> ?PR?_OLED_WR_BYTE?SSD1306

?PR?OLED_DISPLAY_ON?SSD1306            -----    -----
  +--> ?PR?_OLED_WR_BYTE?SSD1306

?PR?_EEPROM_READFLOAT?EEPROM           0008H    0005H
  +--> ?PR?_I2C_MEM_READ?SOFT_I2C

?PR?_I2C_MEM_READ?SOFT_I2C             000DH    0007H
  +--> ?PR?I2C_START?SOFT_I2C
  +--> ?PR?I2C_WAIT_ACK?SOFT_I2C
  +--> ?PR?_I2C_WRITE_BYTE?SOFT_I2C
  +--> ?PR?_I2C_READ_BYTE?SOFT_I2C
  +--> ?PR?I2C_STOP?SOFT_I2C

?PR?_I2C_READ_BYTE?SOFT_I2C            -----    -----
  +--> ?PR?I2C_SCL_L?SOFT_I2C
  +--> ?PR?I2C_DELAY?SOFT_I2C
  +--> ?PR?I2C_SCL_H?SOFT_I2C
  +--> ?PR?I2C_SDA_READ?SOFT_I2C
  +--> ?PR?I2C_NACK?SOFT_I2C
  +--> ?PR?I2C_ACK?SOFT_I2C

?PR?I2C_NACK?SOFT_I2C                  -----    -----
  +--> ?PR?I2C_SCL_L?SOFT_I2C
  +--> ?PR?I2C_SDA_H?SOFT_I2C
  +--> ?PR?I2C_DELAY?SOFT_I2C

?PR?I2C_ACK?SOFT_I2C                   -----    -----
  +--> ?PR?I2C_SCL_L?SOFT_I2C
  +--> ?PR?I2C_SDA_L?SOFT_I2C
  +--> ?PR?I2C_DELAY?SOFT_I2C
  +--> ?PR?I2C_SDA_H?SOFT_I2C

?PR?_EEPROM_WRITEFLOAT?EEPROM          0008H    0005H
  +--> ?PR?_I2C_MEM_WRITE?SOFT_I2C
  +--> ?PR?_DELAY_MS?MAIN

?PR?_DELAY_MS?MAIN                     -----    -----
  +--> ?PR?_DELAY_US?MAIN

?PR?MENU_REFRESH?MENU                  -----    -----
  +--> ?CO?MENU
  +--> ?PR?_OLED_SHOWSTRING?SSD1306
  +--> ?PR?_EEPROM_READINT16?EEPROM
  +--> ?PR?_OLED_SHOWNUM?SSD1306
  +--> ?PR?_EEPROM_READFLOAT?EEPROM
  +--> ?PR?_OLED_SHOWFLOAT?SSD1306
BL51 BANKED LINKER/LOCATER V6.22.4.0                                                  03/28/2026  14:20:36  PAGE 5


  +--> ?PR?OLED_REFRESH_GRAM?SSD1306

?PR?_OLED_SHOWSTRING?SSD1306           0031H    0008H
  +--> ?PR?_OLED_SHOWCHAR?SSD1306

?PR?_OLED_SHOWCHAR?SSD1306             0039H    0006H
  +--> ?PR?_OLED_SET_POS?SSD1306
  +--> ?CO?SSD1306
  +--> ?PR?_OLED_WR_BYTE?SSD1306

?PR?_EEPROM_READINT16?EEPROM           0008H    0002H
  +--> ?PR?_I2C_MEM_READ?SOFT_I2C

?PR?_OLED_SHOWNUM?SSD1306              0008H    000CH
  +--> ?PR?_OLED_SHOWCHAR?SSD1306

?PR?_OLED_SHOWFLOAT?SSD1306            0008H    0029H
  +--> ?PR?_OLED_SHOWCHAR?SSD1306
  +--> ?PR?_OLED_SHOWSTRING?SSD1306

?PR?MENU_UP?MENU                       -----    -----
  +--> ?CO?MENU
  +--> ?PR?MENU_REFRESH?MENU

?PR?MENU_DOWN?MENU                     -----    -----
  +--> ?CO?MENU
  +--> ?PR?MENU_REFRESH?MENU

?PR?MENU_FORWARD?MENU                  -----    -----
  +--> ?CO?MENU
  +--> ?PR?OLED_CLEAR?SSD1306
  +--> ?PR?_EEPROM_WRITEINT16?EEPROM
  +--> ?PR?_EEPROM_WRITEFLOAT?EEPROM
  +--> ?PR?MENU_REFRESH?MENU

?PR?_EEPROM_WRITEINT16?EEPROM          0008H    0002H
  +--> ?PR?_I2C_MEM_WRITE?SOFT_I2C
  +--> ?PR?_DELAY_MS?MAIN

?PR?MENU_BACKWARD?MENU                 -----    -----
  +--> ?CO?MENU
  +--> ?PR?OLED_CLEAR?SSD1306
  +--> ?PR?MENU_REFRESH?MENU



SYMBOL TABLE OF MODULE:  .\Objects\STC89C52 (MAIN)

  VALUE           TYPE          NAME
  ----------------------------------

  -------         MODULE        MAIN
  C:0000H         SYMBOL        _ICE_DUMMY_
  B:00B0H.0       PUBLIC        P3_0
  B:00B0H.1       PUBLIC        P3_1
  B:00B0H.2       PUBLIC        P3_2
  B:00B0H.3       PUBLIC        P3_3
BL51 BANKED LINKER/LOCATER V6.22.4.0                                                  03/28/2026  14:20:36  PAGE 6


  C:16E7H         PUBLIC        main
  D:0048H         PUBLIC        temp
  D:0049H         PUBLIC        prev_state
  D:004DH         PUBLIC        Button_Counter
  D:004EH         PUBLIC        Hold_Counter
  D:0052H         PUBLIC        cur_state
  C:1EDAH         PUBLIC        _delay_ms
  C:1F3FH         PUBLIC        _delay_us
  D:0056H         PUBLIC        i
  -------         PROC          MAIN
  C:16E7H         LINE#         17
  C:16E7H         LINE#         18
  C:16E7H         LINE#         20
  C:16EAH         LINE#         23
  C:16EDH         LINE#         24
  C:16F4H         LINE#         25
  C:16FBH         LINE#         27
  C:16FBH         LINE#         28
  C:16FBH         LINE#         29
  C:16FDH         LINE#         31
  C:1707H         LINE#         33
  C:170AH         LINE#         35
  C:1718H         LINE#         36
  C:173EH         LINE#         41
  C:174FH         LINE#         43
  C:175EH         LINE#         44
  C:1763H         LINE#         45
  C:1768H         LINE#         46
  C:176DH         LINE#         47
  C:1770H         LINE#         48
  C:1770H         LINE#         49
  C:1770H         LINE#         50
  C:1772H         LINE#         53
  C:1782H         LINE#         54
  C:1788H         LINE#         55
  C:1794H         LINE#         56
  C:1798H         LINE#         57
  C:17A7H         LINE#         58
  C:17ACH         LINE#         59
  C:17B1H         LINE#         60
  C:17B6H         LINE#         61
  C:17BBH         LINE#         62
  C:17BBH         LINE#         63
  C:17BBH         LINE#         64
  C:17BBH         LINE#         65
  C:17BBH         LINE#         66
  C:17C2H         LINE#         67
  C:17C2H         LINE#         68
  C:17CEH         LINE#         70
  C:17D1H         LINE#         71
  C:17D1H         LINE#         73
  C:17D8H         LINE#         74
  -------         ENDPROC       MAIN
  -------         PROC          _DELAY_US
  D:0006H         SYMBOL        us
  C:1F3FH         LINE#         77
  C:1F3FH         LINE#         78
BL51 BANKED LINKER/LOCATER V6.22.4.0                                                  03/28/2026  14:20:36  PAGE 7


  C:1F3FH         LINE#         79
  C:1F46H         LINE#         80
  C:1F4FH         LINE#         81
  -------         ENDPROC       _DELAY_US
  -------         PROC          _DELAY_MS
  D:0002H         SYMBOL        ms
  C:1EDAH         LINE#         83
  C:1EDEH         LINE#         84
  C:1EDEH         LINE#         85
  C:1EF0H         LINE#         86
  -------         ENDPROC       _DELAY_MS
  -------         ENDMOD        MAIN

  -------         MODULE        SOFT_I2C
  C:0000H         SYMBOL        _ICE_DUMMY_
  B:00A0H.1       PUBLIC        I2C_SCL
  D:00A0H         PUBLIC        P2
  C:1F7EH         PUBLIC        I2C_timeout_delay
  C:1F88H         PUBLIC        I2C_SDA_H
  C:1F8BH         PUBLIC        I2C_SDA_L
  C:1F82H         PUBLIC        I2C_SCL_H
  C:1F85H         PUBLIC        I2C_SCL_L
  C:1F65H         PUBLIC        I2C_delay
  C:1F6CH         PUBLIC        I2C_nack
  C:1F50H         PUBLIC        I2C_ack
  C:1F1BH         PUBLIC        I2C_start
  C:1DC9H         PUBLIC        _I2C_read_byte
  C:1F78H         PUBLIC        I2C_SDA_Read
  C:1B7CH         PUBLIC        _I2C_mem_read
  C:1E48H         PUBLIC        _I2C_write_byte
  C:1D3AH         PUBLIC        I2C_wait_ack
  C:1F2DH         PUBLIC        I2C_stop
  C:1BEAH         PUBLIC        _I2C_mem_write
  B:00A0H.0       PUBLIC        I2C_SDA
  -------         PROC          I2C_TIMEOUT_DELAY
  C:1F7EH         LINE#         14
  C:1F7EH         LINE#         15
  C:1F7EH         LINE#         16
  C:1F7FH         LINE#         17
  C:1F80H         LINE#         18
  C:1F81H         LINE#         19
  -------         ENDPROC       I2C_TIMEOUT_DELAY
  C:1F5FH         SYMBOL        L?0049
  -------         PROC          L?0048
  -------         ENDPROC       L?0048
  C:1F5FH         SYMBOL        L?0049
  -------         PROC          I2C_DELAY
  C:1F65H         LINE#         21
  C:1F65H         LINE#         22
  C:1F65H         LINE#         23
  C:1F66H         LINE#         24
  C:1F67H         LINE#         25
  C:1F68H         LINE#         26
  C:1F69H         LINE#         27
  C:1F6AH         LINE#         28
  C:1F6BH         LINE#         29
  -------         ENDPROC       I2C_DELAY
BL51 BANKED LINKER/LOCATER V6.22.4.0                                                  03/28/2026  14:20:36  PAGE 8


  -------         PROC          I2C_SCL_H
  C:1F82H         LINE#         32
  C:1F82H         LINE#         33
  C:1F82H         LINE#         34
  C:1F84H         LINE#         35
  -------         ENDPROC       I2C_SCL_H
  -------         PROC          I2C_SCL_L
  C:1F85H         LINE#         38
  C:1F85H         LINE#         39
  C:1F85H         LINE#         40
  C:1F87H         LINE#         41
  -------         ENDPROC       I2C_SCL_L
  -------         PROC          I2C_SDA_H
  C:1F88H         LINE#         44
  C:1F88H         LINE#         45
  C:1F88H         LINE#         46
  C:1F8AH         LINE#         47
  -------         ENDPROC       I2C_SDA_H
  -------         PROC          I2C_SDA_L
  C:1F8BH         LINE#         50
  C:1F8BH         LINE#         51
  C:1F8BH         LINE#         52
  C:1F8DH         LINE#         53
  -------         ENDPROC       I2C_SDA_L
  -------         PROC          I2C_SDA_READ
  C:1F78H         LINE#         55
  C:1F78H         LINE#         56
  C:1F78H         LINE#         57
  C:1F7DH         LINE#         58
  -------         ENDPROC       I2C_SDA_READ
  -------         PROC          I2C_START
  C:1F1BH         LINE#         67
  C:1F1BH         LINE#         68
  C:1F1BH         LINE#         69
  C:1F1EH         LINE#         70
  C:1F21H         LINE#         71
  C:1F24H         LINE#         73
  C:1F27H         LINE#         74
  C:1F2AH         LINE#         75
  -------         ENDPROC       I2C_START
  -------         PROC          I2C_STOP
  C:1F2DH         LINE#         83
  C:1F2DH         LINE#         84
  C:1F2DH         LINE#         85
  C:1F30H         LINE#         86
  C:1F33H         LINE#         87
  C:1F36H         LINE#         89
  C:1F39H         LINE#         90
  C:1F3CH         LINE#         91
  -------         ENDPROC       I2C_STOP
  -------         PROC          I2C_ACK
  C:1F50H         LINE#         99
  C:1F50H         LINE#         100
  C:1F50H         LINE#         101
  C:1F53H         LINE#         102
  C:1F56H         LINE#         103
  C:1F56H         LINE#         105
BL51 BANKED LINKER/LOCATER V6.22.4.0                                                  03/28/2026  14:20:36  PAGE 9


  C:1F56H         LINE#         106
  C:1F59H         LINE#         107
  C:1F5CH         LINE#         108
  -------         ENDPROC       I2C_ACK
  -------         PROC          I2C_NACK
  C:1F6CH         LINE#         116
  C:1F6CH         LINE#         117
  C:1F6CH         LINE#         118
  C:1F6FH         LINE#         119
  C:1F72H         LINE#         120
  C:1F72H         LINE#         122
  C:1F72H         LINE#         123
  C:1F75H         LINE#         124
  -------         ENDPROC       I2C_NACK
  C:1D36H         SYMBOL        L?0051
  -------         PROC          L?0050
  -------         ENDPROC       L?0050
  C:1D36H         SYMBOL        L?0051
  -------         PROC          I2C_WAIT_ACK
  -------         DO            
  D:0004H         SYMBOL        time_temp
  -------         ENDDO         
  C:1D3AH         LINE#         132
  C:1D3AH         LINE#         133
  C:1D3AH         LINE#         134
  C:1D3DH         LINE#         136
  C:1D40H         LINE#         137
  C:1D43H         LINE#         138
  C:1D49H         LINE#         139
  C:1D49H         LINE#         140
  C:1D4EH         LINE#         141
  C:1D51H         LINE#         142
  C:1D5AH         LINE#         143
  C:1D5AH         LINE#         144
  C:1D5DH         LINE#         145
  C:1D60H         LINE#         146
  C:1D60H         LINE#         147
  C:1D60H         LINE#         148
  C:1D63H         LINE#         149
  C:1D65H         LINE#         150
  -------         ENDPROC       I2C_WAIT_ACK
  -------         PROC          _I2C_WRITE_BYTE
  D:0007H         SYMBOL        Data
  -------         DO            
  D:0006H         SYMBOL        i
  -------         ENDDO         
  C:1E48H         LINE#         157
  C:1E48H         LINE#         158
  C:1E48H         LINE#         159
  C:1E4AH         LINE#         161
  C:1E4DH         LINE#         162
  C:1E4DH         LINE#         163
  C:1E56H         LINE#         164
  C:1E59H         LINE#         166
  C:1E5DH         LINE#         168
  C:1E5DH         LINE#         169
  C:1E5DH         LINE#         170
BL51 BANKED LINKER/LOCATER V6.22.4.0                                                  03/28/2026  14:20:36  PAGE 10


  C:1E60H         LINE#         171
  C:1E63H         LINE#         172
  C:1E66H         LINE#         173
  C:1E6AH         LINE#         174
  -------         ENDPROC       _I2C_WRITE_BYTE
  -------         PROC          _I2C_READ_BYTE
  D:0006H         SYMBOL        ack
  -------         DO            
  D:0005H         SYMBOL        i
  D:0004H         SYMBOL        receive
  -------         ENDDO         
  C:1DC9H         LINE#         181
  C:1DCBH         LINE#         182
  C:1DCBH         LINE#         183
  C:1DCEH         LINE#         185
  C:1DCEH         LINE#         186
  C:1DD1H         LINE#         187
  C:1DD4H         LINE#         188
  C:1DD7H         LINE#         189
  C:1DDBH         LINE#         190
  C:1DE1H         LINE#         191
  C:1DE2H         LINE#         192
  C:1DE5H         LINE#         193
  C:1DE9H         LINE#         194
  C:1DECH         LINE#         195
  C:1DF1H         LINE#         197
  C:1DF4H         LINE#         199
  C:1DF6H         LINE#         200
  -------         ENDPROC       _I2C_READ_BYTE
  -------         PROC          _I2C_MEM_WRITE
  D:0007H         SYMBOL        DevAddress
  D:0042H         SYMBOL        MemAddress
  D:0043H         SYMBOL        pData
  D:0046H         SYMBOL        Len
  C:1BEAH         LINE#         213
  C:1BF2H         LINE#         214
  C:1BF2H         LINE#         215
  C:1BF5H         LINE#         216
  C:1BF6H         LINE#         217
  C:1BFCH         LINE#         218
  C:1BFFH         LINE#         219
  C:1C04H         LINE#         220
  C:1C0AH         LINE#         221
  C:1C0DH         LINE#         222
  C:1C1AH         LINE#         223
  C:1C1AH         LINE#         224
  C:1C2BH         LINE#         225
  C:1C31H         LINE#         226
  C:1C34H         LINE#         227
  C:1C34H         LINE#         228
  C:1C37H         LINE#         229
  C:1C39H         LINE#         230
  -------         ENDPROC       _I2C_MEM_WRITE
  -------         PROC          _I2C_MEM_READ
  D:000DH         SYMBOL        DevAddress
  D:000EH         SYMBOL        MemAddress
  D:000FH         SYMBOL        pBuffer
BL51 BANKED LINKER/LOCATER V6.22.4.0                                                  03/28/2026  14:20:36  PAGE 11


  D:0012H         SYMBOL        Len
  C:1B7CH         LINE#         238
  C:1B86H         LINE#         239
  C:1B86H         LINE#         240
  C:1B89H         LINE#         241
  C:1B8BH         LINE#         242
  C:1B91H         LINE#         243
  C:1B94H         LINE#         245
  C:1B99H         LINE#         246
  C:1B9FH         LINE#         247
  C:1BA2H         LINE#         249
  C:1BA5H         LINE#         250
  C:1BABH         LINE#         251
  C:1BB1H         LINE#         252
  C:1BB4H         LINE#         254
  C:1BC1H         LINE#         255
  C:1BC1H         LINE#         256
  C:1BE2H         LINE#         257
  C:1BE4H         LINE#         258
  C:1BE7H         LINE#         259
  C:1BE9H         LINE#         260
  -------         ENDPROC       _I2C_MEM_READ
  -------         ENDMOD        SOFT_I2C

  -------         MODULE        SSD1306
  C:0000H         SYMBOL        _ICE_DUMMY_
  C:1EF1H         PUBLIC        OLED_Display_On
  D:00A0H         PUBLIC        P2
  C:0003H         PUBLIC        F8X6
  C:199FH         PUBLIC        OLED_Init
  X:0020H         SYMBOL        temp_digits
  C:1002H         PUBLIC        _OLED_ShowFloat
  C:1C7EH         PUBLIC        _OLED_ShowString
  C:1E25H         PUBLIC        _OLED_WR_Byte
  C:148AH         PUBLIC        _OLED_ShowChar
  C:022BH         PUBLIC        F8X16
  C:1F8EH         PUBLIC        OLED_Refresh_Gram
  C:1E6BH         PUBLIC        _OLED_Set_Pos
  C:15C2H         PUBLIC        _OLED_ShowNum
  C:1F06H         PUBLIC        OLED_Display_Off
  C:1CFBH         PUBLIC        _oled_pow
  C:1D66H         PUBLIC        OLED_Clear
  -------         PROC          OLED_REFRESH_GRAM
  C:1F8EH         LINE#         33
  C:1F8EH         LINE#         34
  C:1F8EH         LINE#         43
  -------         ENDPROC       OLED_REFRESH_GRAM
  -------         PROC          L?0075
  -------         ENDPROC       L?0075
  -------         PROC          _OLED_WR_BYTE
  D:0040H         SYMBOL        dat
  D:0005H         SYMBOL        cmd
  C:1E25H         LINE#         50
  C:1E27H         LINE#         51
  C:1E27H         LINE#         52
  C:1E30H         LINE#         53
  C:1E3AH         LINE#         55
BL51 BANKED LINKER/LOCATER V6.22.4.0                                                  03/28/2026  14:20:36  PAGE 12


  C:1E47H         LINE#         56
  -------         ENDPROC       _OLED_WR_BYTE
  -------         PROC          _OLED_SET_POS
  D:003FH         SYMBOL        x
  D:0005H         SYMBOL        y
  C:1E6BH         LINE#         66
  C:1E6DH         LINE#         67
  C:1E6DH         LINE#         68
  C:1E71H         LINE#         69
  C:1E80H         LINE#         70
  -------         ENDPROC       _OLED_SET_POS
  -------         PROC          OLED_DISPLAY_ON
  C:1EF1H         LINE#         78
  C:1EF1H         LINE#         79
  C:1EF1H         LINE#         80
  C:1EF8H         LINE#         81
  C:1EFFH         LINE#         82
  -------         ENDPROC       OLED_DISPLAY_ON
  -------         PROC          OLED_DISPLAY_OFF
  C:1F06H         LINE#         90
  C:1F06H         LINE#         91
  C:1F06H         LINE#         92
  C:1F0DH         LINE#         93
  C:1F14H         LINE#         94
  -------         ENDPROC       OLED_DISPLAY_OFF
  -------         PROC          OLED_CLEAR
  -------         DO            
  D:0008H         SYMBOL        i
  D:0009H         SYMBOL        n
  -------         ENDDO         
  C:1D66H         LINE#         102
  C:1D66H         LINE#         103
  C:1D66H         LINE#         113
  C:1D69H         LINE#         114
  C:1D69H         LINE#         115
  C:1D6EH         LINE#         116
  C:1D74H         LINE#         117
  C:1D7BH         LINE#         118
  C:1D7EH         LINE#         119
  C:1D8EH         LINE#         120
  C:1D97H         LINE#         122
  -------         ENDPROC       OLED_CLEAR
  -------         PROC          L?0074
  -------         ENDPROC       L?0074
  -------         PROC          _OLED_SHOWCHAR
  D:0039H         SYMBOL        x
  D:003AH         SYMBOL        y
  D:003BH         SYMBOL        chr
  D:003CH         SYMBOL        charSize
  D:003DH         SYMBOL        Is_Reverse
  -------         DO            
  D:003EH         SYMBOL        i
  -------         ENDDO         
  C:148AH         LINE#         129
  C:1490H         LINE#         130
  C:1490H         LINE#         131
  C:1493H         LINE#         132
BL51 BANKED LINKER/LOCATER V6.22.4.0                                                  03/28/2026  14:20:36  PAGE 13


  C:1499H         LINE#         133
  C:14A0H         LINE#         134
  C:14A0H         LINE#         135
  C:14A3H         LINE#         136
  C:14A7H         LINE#         137
  C:14A7H         LINE#         155
  C:14B0H         LINE#         156
  C:14B0H         LINE#         157
  C:14B7H         LINE#         158
  C:14BAH         LINE#         159
  C:1508H         LINE#         160
  C:1511H         LINE#         161
  C:1514H         LINE#         162
  C:1563H         LINE#         163
  C:1563H         LINE#         164
  C:1569H         LINE#         165
  C:1569H         LINE#         166
  C:1570H         LINE#         167
  C:1573H         LINE#         168
  C:15C1H         LINE#         169
  C:15C1H         LINE#         171
  -------         ENDPROC       _OLED_SHOWCHAR
  -------         PROC          _OLED_POW
  D:0057H         SYMBOL        m
  D:0058H         SYMBOL        n
  -------         DO            
  D:0059H         SYMBOL        result
  -------         ENDDO         
  C:1CFBH         LINE#         178
  C:1CFFH         LINE#         179
  C:1CFFH         LINE#         180
  C:1D09H         LINE#         181
  C:1D2BH         LINE#         182
  C:1D33H         LINE#         183
  -------         ENDPROC       _OLED_POW
  -------         PROC          _OLED_SHOWNUM
  D:0008H         SYMBOL        x
  D:0009H         SYMBOL        y
  D:000AH         SYMBOL        num
  D:000EH         SYMBOL        len
  D:000FH         SYMBOL        Size
  D:0010H         SYMBOL        Is_Reverse
  -------         DO            
  D:0011H         SYMBOL        i
  D:0012H         SYMBOL        digit_count
  D:0007H         SYMBOL        is_negative
  D:0013H         SYMBOL        start_x
  -------         ENDDO         
  C:15C2H         LINE#         194
  C:15C6H         LINE#         195
  C:15C6H         LINE#         196
  C:15C9H         LINE#         197
  C:15CBH         LINE#         198
  C:15CBH         LINE#         199
  C:15CEH         LINE#         202
  C:15DAH         LINE#         203
  C:15DAH         LINE#         204
BL51 BANKED LINKER/LOCATER V6.22.4.0                                                  03/28/2026  14:20:36  PAGE 14


  C:15EDH         LINE#         205
  C:15FAH         LINE#         206
  C:15FCH         LINE#         207
  C:160EH         LINE#         208
  C:160EH         LINE#         211
  C:161CH         LINE#         212
  C:162BH         LINE#         213
  C:1638H         LINE#         214
  C:163BH         LINE#         215
  C:163FH         LINE#         217
  C:163FH         LINE#         220
  C:1642H         LINE#         221
  C:165BH         LINE#         222
  C:167EH         LINE#         223
  C:1697H         LINE#         224
  C:1699H         LINE#         227
  C:16A3H         LINE#         228
  C:16D1H         LINE#         229
  C:16D5H         LINE#         232
  C:16DFH         LINE#         233
  C:16E2H         LINE#         234
  C:16E6H         LINE#         235
  -------         ENDPROC       _OLED_SHOWNUM
  -------         PROC          _OLED_SHOWFLOAT
  D:0008H         SYMBOL        x
  D:0009H         SYMBOL        y
  D:000AH         SYMBOL        value
  D:000EH         SYMBOL        Is_Reverse
  -------         DO            
  D:000FH         SYMBOL        num_buf
  D:001BH         SYMBOL        i
  D:001CH         SYMBOL        j
  D:001DH         SYMBOL        temp
  D:0007H         SYMBOL        is_negative
  D:0029H         SYMBOL        integer_part
  D:002DH         SYMBOL        decimal_part
  -------         ENDDO         
  C:1002H         LINE#         242
  C:1006H         LINE#         243
  C:1006H         LINE#         245
  C:100BH         LINE#         247
  C:100BH         LINE#         251
  C:1017H         LINE#         252
  C:1017H         LINE#         253
  C:102AH         LINE#         254
  C:1037H         LINE#         255
  C:1039H         LINE#         256
  C:104BH         LINE#         257
  C:104BH         LINE#         260
  C:1064H         LINE#         261
  C:1085H         LINE#         264
  C:1093H         LINE#         265
  C:109DH         LINE#         266
  C:109FH         LINE#         267
  C:10B2H         LINE#         268
  C:10D1H         LINE#         269
  C:10EAH         LINE#         270
BL51 BANKED LINKER/LOCATER V6.22.4.0                                                  03/28/2026  14:20:36  PAGE 15


  C:10ECH         LINE#         271
  C:10ECH         LINE#         274
  C:10F6H         LINE#         275
  C:1109H         LINE#         276
  C:110DH         LINE#         277
  C:1114H         LINE#         280
  C:1126H         LINE#         283
  C:1130H         LINE#         284
  C:113EH         LINE#         285
  C:1144H         LINE#         288
  C:1158H         LINE#         289
  C:1167H         LINE#         290
  C:116DH         LINE#         291
  C:116FH         LINE#         292
  C:1171H         LINE#         293
  C:1193H         LINE#         294
  C:1199H         LINE#         295
  C:11BBH         LINE#         296
  C:11BBH         LINE#         297
  -------         ENDPROC       _OLED_SHOWFLOAT
  -------         PROC          _OLED_SHOWSTRING
  D:0031H         SYMBOL        x
  D:0032H         SYMBOL        y
  D:0033H         SYMBOL        chr
  D:0036H         SYMBOL        charSize
  D:0037H         SYMBOL        Is_Reverse
  -------         DO            
  D:0038H         SYMBOL        j
  -------         ENDDO         
  C:1C7EH         LINE#         304
  C:1C88H         LINE#         305
  C:1C88H         LINE#         306
  C:1C8BH         LINE#         307
  C:1C9DH         LINE#         308
  C:1C9DH         LINE#         309
  C:1CAAH         LINE#         310
  C:1CB0H         LINE#         311
  C:1CB5H         LINE#         312
  C:1CB5H         LINE#         313
  C:1CB8H         LINE#         314
  C:1CBCH         LINE#         315
  C:1CBCH         LINE#         316
  C:1CBEH         LINE#         317
  C:1CC0H         LINE#         318
  -------         ENDPROC       _OLED_SHOWSTRING
  -------         PROC          OLED_INIT
  C:199FH         LINE#         361
  C:199FH         LINE#         362
  C:199FH         LINE#         363
  C:19A6H         LINE#         365
  C:19ACH         LINE#         366
  C:19B3H         LINE#         368
  C:19BAH         LINE#         370
  C:19C1H         LINE#         371
  C:19C8H         LINE#         380
  C:19CFH         LINE#         381
  C:19D6H         LINE#         383
BL51 BANKED LINKER/LOCATER V6.22.4.0                                                  03/28/2026  14:20:36  PAGE 16


  C:19DDH         LINE#         384
  C:19E3H         LINE#         386
  C:19EAH         LINE#         387
  C:19F1H         LINE#         389
  C:19F8H         LINE#         390
  C:19FFH         LINE#         392
  C:1A06H         LINE#         393
  C:1A0DH         LINE#         395
  C:1A14H         LINE#         396
  C:1A1BH         LINE#         398
  C:1A22H         LINE#         399
  C:1A29H         LINE#         401
  C:1A30H         LINE#         402
  C:1A37H         LINE#         404
  C:1A3EH         LINE#         405
  C:1A45H         LINE#         407
  C:1A4CH         LINE#         408
  C:1A53H         LINE#         410
  C:1A5AH         LINE#         411
  C:1A61H         LINE#         413
  C:1A68H         LINE#         414
  C:1A6BH         LINE#         415
  -------         ENDPROC       OLED_INIT
  -------         ENDMOD        SSD1306

  -------         MODULE        MENU
  C:0000H         SYMBOL        _ICE_DUMMY_
  X:0000H         PUBLIC        current_option_index
  C:1AFDH         PUBLIC        Menu_Init
  X:0001H         PUBLIC        current_mode
  C:11BCH         PUBLIC        Menu_Down
  C:1CC1H         PUBLIC        Menu_Backward
  X:0002H         PUBLIC        value
  X:001AH         PUBLIC        current_interface
  C:17F5H         PUBLIC        interface
  X:001BH         PUBLIC        test_float
  C:1320H         PUBLIC        Menu_Up
  C:0D57H         PUBLIC        Menu_Refresh
  C:18CBH         PUBLIC        Menu_Forward
  D:005DH         PUBLIC        save_indicator
  X:001FH         SYMBOL        i
  -------         PROC          MENU_INIT
  C:1AFDH         LINE#         59
  C:1AFDH         LINE#         60
  C:1AFDH         LINE#         61
  C:1B00H         LINE#         62
  C:1B03H         LINE#         63
  C:1B06H         LINE#         64
  C:1B0BH         LINE#         65
  C:1B0FH         LINE#         66
  C:1B12H         LINE#         70
  C:1B1DH         LINE#         72
  C:1B6BH         LINE#         73
  C:1B79H         LINE#         74
  C:1B79H         LINE#         76
  -------         ENDPROC       MENU_INIT
  -------         PROC          MENU_REFRESH
BL51 BANKED LINKER/LOCATER V6.22.4.0                                                  03/28/2026  14:20:36  PAGE 17


  C:0D57H         LINE#         85
  C:0D57H         LINE#         86
  C:0D57H         LINE#         89
  C:0D79H         LINE#         90
  C:0D83H         LINE#         91
  C:0D8BH         LINE#         92
  C:0D8DH         LINE#         93
  C:0D9FH         LINE#         94
  C:0D9FH         LINE#         95
  C:0DCCH         LINE#         96
  C:0DD4H         LINE#         99
  C:0DDCH         LINE#         100
  C:0DE3H         LINE#         101
  C:0DE5H         LINE#         102
  C:0DF5H         LINE#         103
  C:0DF5H         LINE#         106
  C:0E1BH         LINE#         107
  C:0E39H         LINE#         108
  C:0E55H         LINE#         109
  C:0E7FH         LINE#         110
  C:0E99H         LINE#         111
  C:0EC5H         LINE#         112
  C:0ED3H         LINE#         113
  C:0ED3H         LINE#         114
  C:0F07H         LINE#         115
  C:0F58H         LINE#         116
  C:0F5AH         LINE#         117
  C:0F5AH         LINE#         118
  C:0F86H         LINE#         119
  C:0FD7H         LINE#         120
  C:0FD7H         LINE#         121
  C:0FD7H         LINE#         122
  C:0FD7H         LINE#         123
  C:0FE0H         LINE#         125
  C:0FE6H         LINE#         126
  C:0FEAH         LINE#         127
  C:0FECH         LINE#         128
  C:0FFCH         LINE#         129
  C:0FFCH         LINE#         131
  C:0FFFH         LINE#         132
  -------         ENDPROC       MENU_REFRESH
  -------         PROC          MENU_UP
  C:1320H         LINE#         140
  C:1320H         LINE#         141
  C:1320H         LINE#         142
  C:1329H         LINE#         143
  C:135BH         LINE#         144
  C:1364H         LINE#         145
  C:1371H         LINE#         146
  C:13AEH         LINE#         147
  C:13D7H         LINE#         148
  C:142FH         LINE#         149
  C:1431H         LINE#         150
  C:1474H         LINE#         151
  C:1474H         LINE#         152
  C:1474H         LINE#         154
  -------         ENDPROC       MENU_UP
BL51 BANKED LINKER/LOCATER V6.22.4.0                                                  03/28/2026  14:20:36  PAGE 18


  -------         PROC          MENU_DOWN
  C:11BCH         LINE#         162
  C:11BCH         LINE#         163
  C:11BCH         LINE#         164
  C:11C5H         LINE#         165
  C:11F6H         LINE#         166
  C:11FFH         LINE#         167
  C:120CH         LINE#         168
  C:124CH         LINE#         169
  C:1275H         LINE#         170
  C:12D8H         LINE#         171
  C:12DAH         LINE#         172
  C:131DH         LINE#         173
  C:131DH         LINE#         174
  C:131DH         LINE#         176
  -------         ENDPROC       MENU_DOWN
  -------         PROC          MENU_FORWARD
  C:18CBH         LINE#         184
  C:18CBH         LINE#         185
  C:18CBH         LINE#         186
  C:18D6H         LINE#         187
  C:18FCH         LINE#         189
  C:191AH         LINE#         190
  C:191FH         LINE#         191
  C:1922H         LINE#         192
  C:194FH         LINE#         194
  C:1954H         LINE#         195
  C:195BH         LINE#         196
  C:1975H         LINE#         197
  C:198FH         LINE#         198
  C:1992H         LINE#         199
  C:1992H         LINE#         200
  C:199AH         LINE#         202
  C:199CH         LINE#         203
  C:199CH         LINE#         205
  -------         ENDPROC       MENU_FORWARD
  -------         PROC          MENU_BACKWARD
  C:1CC1H         LINE#         213
  C:1CC1H         LINE#         214
  C:1CC1H         LINE#         215
  C:1CC8H         LINE#         217
  C:1CDFH         LINE#         218
  C:1CE4H         LINE#         219
  C:1CE6H         LINE#         220
  C:1CE6H         LINE#         221
  C:1CEBH         LINE#         222
  C:1CEEH         LINE#         223
  C:1CF6H         LINE#         225
  C:1CF8H         LINE#         226
  C:1CF8H         LINE#         228
  -------         ENDPROC       MENU_BACKWARD
  -------         ENDMOD        MENU

  -------         MODULE        EEPROM
  C:0000H         SYMBOL        _ICE_DUMMY_
  D:00A0H         PUBLIC        P2
  C:1D98H         PUBLIC        _EEPROM_ReadFloat
BL51 BANKED LINKER/LOCATER V6.22.4.0                                                  03/28/2026  14:20:36  PAGE 19


  C:1EC0H         PUBLIC        _EEPROM_WriteFloat
  C:1EA6H         PUBLIC        _EEPROM_ReadInt16
  C:1DF7H         PUBLIC        _EEPROM_WriteInt16
  -------         PROC          _EEPROM_WRITEINT16
  D:0005H         SYMBOL        WordAddress
  D:0002H         SYMBOL        Data
  -------         DO            
  D:0008H         SYMBOL        buffer
  -------         ENDDO         
  C:1DF7H         LINE#         32
  C:1DFDH         LINE#         33
  C:1DFDH         LINE#         35
  C:1E05H         LINE#         36
  C:1E08H         LINE#         37
  C:1E19H         LINE#         38
  -------         ENDPROC       _EEPROM_WRITEINT16
  -------         PROC          _EEPROM_READINT16
  D:0005H         SYMBOL        WordAddress
  -------         DO            
  D:0008H         SYMBOL        buffer
  -------         ENDDO         
  C:1EA6H         LINE#         46
  C:1EA8H         LINE#         47
  C:1EA8H         LINE#         49
  C:1EB9H         LINE#         50
  C:1EBFH         LINE#         51
  -------         ENDPROC       _EEPROM_READINT16
  -------         PROC          _EEPROM_WRITEFLOAT
  D:0005H         SYMBOL        WordAddress
  D:0009H         SYMBOL        Data
  -------         DO            
  D:0001H         SYMBOL        p
  -------         ENDDO         
  C:1EC0H         LINE#         58
  C:1EC2H         LINE#         59
  C:1EC2H         LINE#         60
  C:1EC8H         LINE#         61
  C:1ED3H         LINE#         62
  -------         ENDPROC       _EEPROM_WRITEFLOAT
  -------         PROC          _EEPROM_READFLOAT
  D:0008H         SYMBOL        WordAddress
  -------         DO            
  D:0009H         SYMBOL        Data
  D:0001H         SYMBOL        p
  -------         ENDDO         
  C:1D98H         LINE#         70
  C:1D9AH         LINE#         71
  C:1D9AH         LINE#         72
  C:1DA3H         LINE#         73
  C:1DA8H         LINE#         74
  C:1DB7H         LINE#         75
  C:1DC0H         LINE#         76
  C:1DC0H         LINE#         77
  C:1DC8H         LINE#         78
  -------         ENDPROC       _EEPROM_READFLOAT
  -------         ENDMOD        EEPROM

BL51 BANKED LINKER/LOCATER V6.22.4.0                                                  03/28/2026  14:20:36  PAGE 20


  -------         MODULE        ?C?FPADD
  C:0822H         PUBLIC        ?C?FPADD
  C:081EH         PUBLIC        ?C?FPSUB
  -------         ENDMOD        ?C?FPADD

  -------         MODULE        ?C?FPMUL
  C:0913H         PUBLIC        ?C?FPMUL
  -------         ENDMOD        ?C?FPMUL

  -------         MODULE        ?C?FPCMP
  C:0A1BH         PUBLIC        ?C?FPCMP
  C:0A19H         PUBLIC        ?C?FPCMP3
  -------         ENDMOD        ?C?FPCMP

  -------         MODULE        ?C?FCAST
  C:0A9CH         PUBLIC        ?C?FCASTC
  C:0A97H         PUBLIC        ?C?FCASTI
  C:0A92H         PUBLIC        ?C?FCASTL
  -------         ENDMOD        ?C?FCAST

  -------         MODULE        ?C?CASTF
  C:0AD0H         PUBLIC        ?C?CASTF
  -------         ENDMOD        ?C?CASTF

  -------         MODULE        ?C?CLDPTR
  C:0B51H         PUBLIC        ?C?CLDPTR
  -------         ENDMOD        ?C?CLDPTR

  -------         MODULE        ?C?CLDOPTR
  C:0B6AH         PUBLIC        ?C?CLDOPTR
  -------         ENDMOD        ?C?CLDOPTR

  -------         MODULE        ?C?CSTPTR
  C:0B97H         PUBLIC        ?C?CSTPTR
  -------         ENDMOD        ?C?CSTPTR

  -------         MODULE        ?C?UIDIV
  C:0BA9H         PUBLIC        ?C?UIDIV
  -------         ENDMOD        ?C?UIDIV

  -------         MODULE        ?C?LMUL
  C:0BFEH         PUBLIC        ?C?LMUL
  -------         ENDMOD        ?C?LMUL

  -------         MODULE        ?C?SLDIV
  C:1C3AH         PUBLIC        ?C?SLDIV
  -------         ENDMOD        ?C?SLDIV

  -------         MODULE        ?C?LNEG
  C:0C4DH         PUBLIC        ?C?LNEG
  -------         ENDMOD        ?C?LNEG

  -------         MODULE        ?C?SLCMP
  C:0C5BH         PUBLIC        ?C?SLCMP
  -------         ENDMOD        ?C?SLCMP

  -------         MODULE        ?C?LSTXDATA
BL51 BANKED LINKER/LOCATER V6.22.4.0                                                  03/28/2026  14:20:36  PAGE 21


  C:0C71H         PUBLIC        ?C?LSTXDATA
  -------         ENDMOD        ?C?LSTXDATA

  -------         MODULE        ?C?OFFXADD
  C:0C7DH         PUBLIC        ?C?OFFXADD
  -------         ENDMOD        ?C?OFFXADD

  -------         MODULE        ?C?ULDIV
  C:0CC5H         PUBLIC        ?C?ULDIV
  -------         ENDMOD        ?C?ULDIV

*** WARNING L16: UNCALLED SEGMENT, IGNORED FOR OVERLAY PROCESS
    SEGMENT: ?PR?OLED_DISPLAY_OFF?SSD1306

*** WARNING L16: UNCALLED SEGMENT, IGNORED FOR OVERLAY PROCESS
    SEGMENT: ?PR?_OLED_POW?SSD1306

Program Size: data=95.0 xdata=42 code=8079
LINK/LOCATE RUN COMPLETE.  2 WARNING(S),  0 ERROR(S)
